 Fullscreen

 Timestamp is 5e7c5c5d (Thu Mar 26 15:40:13 2020)

 Preferred load address is 10000000

 Start         Length     Name                   Class
 0001:00000000 00000020H .text$di                CODE
 0001:00000020 00012e80H .text$mn                CODE
 0001:00012e97 00000000H .text$x                 CODE
 0001:00012ea0 00000001H .text$yd                CODE
 0002:00000000 00000140H .idata$5                DATA
 0002:00000140 00000004H .00cfg                  DATA
 0002:00000144 00000004H .CRT$XCA                DATA
 0002:00000148 00000008H .CRT$XCU                DATA
 0002:00000150 00000004H .CRT$XCZ                DATA
 0002:00000154 00000004H .CRT$XIA                DATA
 0002:00000158 0000000cH .CRT$XIC                DATA
 0002:00000164 00000004H .CRT$XIZ                DATA
 0002:00000168 00000004H .CRT$XPA                DATA
 0002:0000016c 00000008H .CRT$XPX                DATA
 0002:00000174 00000004H .CRT$XPXA               DATA
 0002:00000178 00000004H .CRT$XPZ                DATA
 0002:0000017c 00000004H .CRT$XTA                DATA
 0002:00000180 00000010H .CRT$XTZ                DATA
 0002:00000184 00000000H .gfids$y                DATA
 0002:00000190 00005da4H .rdata                  DATA
 0002:00005f34 0000012cH .rdata$r                DATA
 0002:00006060 0000000cH .rdata$sxdata           DATA
 0002:0000606c 000003a8H .rdata$zzzdbg           DATA
 0002:00006414 00000004H .rtc$IAA                DATA
 0002:00006418 00000004H .rtc$IZZ                DATA
 0002:0000641c 00000004H .rtc$TAA                DATA
 0002:00006420 00000008H .rtc$TZZ                DATA
 0002:00006428 000004ecH .xdata$x                DATA
 0002:00006914 00000020H .didat$2                DATA
 0002:00006934 00000020H .didat$3                DATA
 0002:00006954 0000007cH .didat$4                DATA
 0002:000069d0 000007f8H .didat$6                DATA
 0002:000071c8 00000088H .didat$7                DATA
 0002:00007250 00000058H .edata                  DATA
 0002:000072a8 00000028H .idata$2                DATA
 0002:000072d0 00000014H .idata$3                DATA
 0002:000072e4 00000140H .idata$4                DATA
 0002:00007424 000005b0H .idata$6                DATA
 0003:00000000 000008c4H .data                   DATA
 0003:000008c4 00000078H .data$r                 DATA
 0003:0000093c 0000007cH .didat$5                DATA
 0003:000009b8 00000a58H .bss                    DATA
 0004:00000000 00000060H .rsrc$01                DATA
 0004:00000060 00000180H .rsrc$02                DATA

  Address         Publics by Value              Rva+Base       Lib:Object

 0000:00000000       ___guard_iat_count         00000000     <absolute>
 0000:00000000       ___guard_longjmp_count     00000000     <absolute>
 0000:00000000       ___guard_fids_count        00000000     <absolute>
 0000:00000000       ___guard_longjmp_table     00000000     <absolute>
 0000:00000000       __except_list              00000000     <absolute>
 0000:00000000       ___hybrid_code_map_count   00000000     <absolute>
 0000:00000000       ___hybrid_auxiliary_iat    00000000     <absolute>
 0000:00000000       ___dynamic_value_reloc_table 00000000     <absolute>
 0000:00000000       ___guard_fids_table        00000000     <absolute>
 0000:00000000       ___guard_iat_table         00000000     <absolute>
 0000:00000000       ___volatile_metadata       00000000     <absolute>
 0000:00000000       ___enclave_config          00000000     <absolute>
 0000:00000000       ___hybrid_code_map         00000000     <absolute>
 0000:00000003       ___safe_se_handler_count   00000003     <absolute>
 0000:00000100       ___guard_flags             00000100     <absolute>
 0000:00000000       ___ImageBase               10000000     <linker-defined>
 0001:00000110       ?New@?$Factory@VFunctionTemplate@v8@@@imp@Nan@@SA?AV?$Local@VFunctionTemplate@v8@@@v8@@P6AXABV?$FunctionCallbackInfo@VValue@v8@@@3@@ZV?$Local@VValue@v8@@@5@V?$Local@VSignature@v8@@@5@@Z 10001110 f i Fullscreen.obj
 0001:00000270       ?Ref@ObjectWrap@Nan@@MAEXXZ 10001270 f i Fullscreen.obj
 0001:000002a0       ?Unref@ObjectWrap@Nan@@MAEXXZ 100012a0 f i Fullscreen.obj
 0001:00000320       ?WeakCallback@ObjectWrap@Nan@@CAXABV?$WeakCallbackInfo@VObjectWrap@Nan@@@v8@@@Z 10001320 f i Fullscreen.obj
 0001:00000370       ??_EFullscreen@@EAEPAXI@Z  10001370 f i * CIL library *:* CIL module *
 0001:00000370       ??_GFullscreen@@EAEPAXI@Z  10001370 f i Fullscreen.obj
 0001:00000370       ??_EObjectWrap@Nan@@UAEPAXI@Z 10001370 f i * CIL library *:* CIL module *
 0001:00000370       ??_GObjectWrap@Nan@@UAEPAXI@Z 10001370 f i Fullscreen.obj
 0001:000003c0       ?Init@Fullscreen@@SAXV?$Local@VObject@v8@@@v8@@@Z 100013c0 f   Fullscreen.obj
 0001:00000590       ?New@Fullscreen@@CAXABV?$FunctionCallbackInfo@VValue@v8@@@Nan@@@Z 10001590 f   Fullscreen.obj
 0001:00000750       ?isFullscreen@@YAXABV?$FunctionCallbackInfo@VValue@v8@@@Nan@@@Z 10001750 f   Fullscreen.obj
 0001:00000840       ?InitAll@@YAXV?$Local@VObject@v8@@@v8@@@Z 10001840 f   Fullscreen.obj
 0001:0000097e       __imp_load_?Value@External@v8@@QBEPAXXZ 1000197e f   node:node.exe
 0001:00000988       __tailMerge_node_exe       10001988     node:node.exe
 0001:00000999       __imp_load_?New@External@v8@@SA?AV?$Local@VExternal@v8@@@2@PAVIsolate@2@PAX@Z 10001999 f   node:node.exe
 0001:000009a3       __imp_load_?IsolateFromNeverReadOnlySpaceObject@internal@v8@@YAPAVIsolate@12@I@Z 100019a3 f   node:node.exe
 0001:000009ad       __imp_load_?GetCurrentContext@Isolate@v8@@QAE?AV?$Local@VContext@v8@@@2@XZ 100019ad f   node:node.exe
 0001:000009b7       __imp_load_?GetCurrent@Isolate@v8@@SAPAV12@XZ 100019b7 f   node:node.exe
 0001:000009c1       __imp_load_?CreateHandle@HandleScope@v8@@KAPAIPAVIsolate@internal@2@I@Z 100019c1 f   node:node.exe
 0001:000009cb       __imp_load_??1HandleScope@v8@@QAE@XZ 100019cb f   node:node.exe
 0001:000009d5       __imp_load_??0HandleScope@v8@@QAE@PAVIsolate@1@@Z 100019d5 f   node:node.exe
 0001:000009df       __imp_load_?SetClassName@FunctionTemplate@v8@@QAEXV?$Local@VString@v8@@@2@@Z 100019df f   node:node.exe
 0001:000009e9       __imp_load_?InstanceTemplate@FunctionTemplate@v8@@QAE?AV?$Local@VObjectTemplate@v8@@@2@XZ 100019e9 f   node:node.exe
 0001:000009f3       __imp_load_?GetFunction@FunctionTemplate@v8@@QAE?AV?$MaybeLocal@VFunction@v8@@@2@V?$Local@VContext@v8@@@2@@Z 100019f3 f   node:node.exe
 0001:000009fd       __imp_load_?New@FunctionTemplate@v8@@SA?AV?$Local@VFunctionTemplate@v8@@@2@PAVIsolate@2@P6AXABV?$FunctionCallbackInfo@VValue@v8@@@2@@ZV?$Local@VValue@v8@@@2@V?$Local@VSignature@v8@@@2@HW4ConstructorBehavior@2@W4SideEffectType@2@@Z 100019fd f   node:node.exe
 0001:00000a07       __imp_load_?ToLocalEmpty@V8@v8@@CAXXZ 10001a07 f   node:node.exe
 0001:00000a11       __imp_load_?ClearWeak@V8@v8@@CAPAXPAI@Z 10001a11 f   node:node.exe
 0001:00000a1b       __imp_load_?MakeWeak@V8@v8@@CAXPAIPAXP6AXABV?$WeakCallbackInfo@X@2@@ZW4WeakCallbackType@2@@Z 10001a1b f   node:node.exe
 0001:00000a25       __imp_load_?DisposeGlobal@V8@v8@@CAXPAI@Z 10001a25 f   node:node.exe
 0001:00000a2f       __imp_load_?GlobalizeReference@V8@v8@@CAPAIPAVIsolate@internal@2@PAI@Z 10001a2f f   node:node.exe
 0001:00000a39       __imp_load_?Escape@EscapableHandleScope@v8@@AAEPAIPAI@Z 10001a39 f   node:node.exe
 0001:00000a43       __imp_load_??0EscapableHandleScope@v8@@QAE@PAVIsolate@1@@Z 10001a43 f   node:node.exe
 0001:00000a4d       __imp_load_?NewFromUtf8@String@v8@@SA?AV?$MaybeLocal@VString@v8@@@2@PAVIsolate@2@PBDW4NewStringType@2@H@Z 10001a4d f   node:node.exe
 0001:00000a57       __imp_load_?SlowGetInternalField@Object@v8@@AAE?AV?$Local@VValue@v8@@@2@H@Z 10001a57 f   node:node.exe
 0001:00000a61       __imp_load_?SetAlignedPointerInInternalField@Object@v8@@QAEXHPAX@Z 10001a61 f   node:node.exe
 0001:00000a6b       __imp_load_?SetInternalField@Object@v8@@QAEXHV?$Local@VValue@v8@@@2@@Z 10001a6b f   node:node.exe
 0001:00000a75       __imp_load_?InternalFieldCount@Object@v8@@QAEHXZ 10001a75 f   node:node.exe
 0001:00000a7f       __imp_load_?Set@Object@v8@@QAE?AV?$Maybe@_N@2@V?$Local@VContext@v8@@@2@V?$Local@VValue@v8@@@2@1@Z 10001a7f f   node:node.exe
 0001:00000a89       __imp_load_?NewInstance@Function@v8@@QBE?AV?$MaybeLocal@VObject@v8@@@2@V?$Local@VContext@v8@@@2@HQAV?$Local@VValue@v8@@@2@@Z 10001a89 f   node:node.exe
 0001:00000a93       __imp_load_?SetInternalFieldCount@ObjectTemplate@v8@@QAEXH@Z 10001a93 f   node:node.exe
 0001:00000a9d       __imp_load_?NewInstance@ObjectTemplate@v8@@QAE?AV?$MaybeLocal@VObject@v8@@@2@V?$Local@VContext@v8@@@2@@Z 10001a9d f   node:node.exe
 0001:00000aa7       __imp_load_?New@ObjectTemplate@v8@@SA?AV?$Local@VObjectTemplate@v8@@@2@PAVIsolate@2@V?$Local@VFunctionTemplate@v8@@@2@@Z 10001aa7 f   node:node.exe
 0001:00000ab1       __imp_load__node_module_register 10001ab1 f   node:node.exe
 0001:00000abb       @__security_check_cookie@4 10001abb f   LIBCMT:secchk.obj
 0001:00000acc       ??2@YAPAXI@Z               10001acc f   LIBCMT:new_scalar.obj
 0001:00000afc       ??$__crt_fast_encode_pointer@PAP6AXXZ@@YAPAP6AXXZQAP6AXXZ@Z 10001afc f i LIBCMT:utility.obj
 0001:00000afc       ??$__crt_fast_encode_pointer@PAX@@YAPAXQAX@Z 10001afc f i libvcruntime:winapi_downlevel.obj
 0001:00000b5d       ___scrt_acquire_startup_lock 10001b5d f   LIBCMT:utility.obj
 0001:00000b8f       ___scrt_dllmain_after_initialize_c 10001b8f f   LIBCMT:utility.obj
 0001:00000bba       ___scrt_dllmain_before_initialize_c 10001bba f   LIBCMT:utility.obj
 0001:00000bc8       ___scrt_dllmain_crt_thread_attach 10001bc8 f   LIBCMT:utility.obj
 0001:00000be7       ___scrt_dllmain_crt_thread_detach 10001be7 f   LIBCMT:utility.obj
 0001:00000bf4       ___scrt_dllmain_exception_filter 10001bf4 f   LIBCMT:utility.obj
 0001:00000c28       ___scrt_dllmain_uninitialize_c 10001c28 f   LIBCMT:utility.obj
 0001:00000c4b       ___scrt_dllmain_uninitialize_critical 10001c4b f   LIBCMT:utility.obj
 0001:00000c58       ___scrt_initialize_crt     10001c58 f   LIBCMT:utility.obj
 0001:00000c91       ___scrt_initialize_onexit_tables 10001c91 f   LIBCMT:utility.obj
 0001:00000d36       ___scrt_is_nonwritable_in_current_image 10001d36 f   LIBCMT:utility.obj
 0001:00000dca       ___scrt_release_startup_lock 10001dca f   LIBCMT:utility.obj
 0001:00000de7       ___scrt_uninitialize_crt   10001de7 f   LIBCMT:utility.obj
 0001:00000e0f       __onexit                   10001e0f f   LIBCMT:utility.obj
 0001:00000e4a       _atexit                    10001e4a f   LIBCMT:utility.obj
 0001:00000e5f       ??3@YAXPAXI@Z              10001e5f f   LIBCMT:delete_scalar_size.obj
 0001:0000118d       __DllMainCRTStartup@12     1000218d f   LIBCMT:dll_dllmain.obj
 0001:000011b0       ___raise_securityfailure   100021b0 f   LIBCMT:gs_report.obj
 0001:000011d8       ___report_gsfailure        100021d8 f   LIBCMT:gs_report.obj
 0001:000012d1       ??0bad_alloc@std@@QAE@ABV01@@Z 100022d1 f i LIBCMT:throw_bad_alloc.obj
 0001:000012ec       ??0bad_alloc@std@@QAE@XZ   100022ec f i LIBCMT:throw_bad_alloc.obj
 0001:00001304       ??0bad_array_new_length@std@@QAE@ABV01@@Z 10002304 f i LIBCMT:throw_bad_alloc.obj
 0001:0000131f       ??0bad_array_new_length@std@@QAE@XZ 1000231f f i LIBCMT:throw_bad_alloc.obj
 0001:00001337       ??0exception@std@@QAE@ABV01@@Z 10002337 f i LIBCMT:throw_bad_alloc.obj
 0001:00001363       ??1bad_alloc@std@@UAE@XZ   10002363 f i LIBCMT:throw_bad_alloc.obj
 0001:00001363       ??1bad_array_new_length@std@@UAE@XZ 10002363 f i LIBCMT:throw_bad_alloc.obj
 0001:00001374       ??_Gexception@std@@UAEPAXI@Z 10002374 f i LIBCMT:throw_bad_alloc.obj
 0001:00001374       ??_Gbad_alloc@std@@UAEPAXI@Z 10002374 f i LIBCMT:throw_bad_alloc.obj
 0001:00001374       ??_Gbad_array_new_length@std@@UAEPAXI@Z 10002374 f i LIBCMT:throw_bad_alloc.obj
 0001:00001374       ??_Eexception@std@@UAEPAXI@Z 10002374 f i LIBCMT:throw_bad_alloc.obj
 0001:00001374       ??_Ebad_alloc@std@@UAEPAXI@Z 10002374 f i LIBCMT:throw_bad_alloc.obj
 0001:00001374       ??_Ebad_array_new_length@std@@UAEPAXI@Z 10002374 f i LIBCMT:throw_bad_alloc.obj
 0001:000013a1       ?__scrt_throw_std_bad_alloc@@YAXXZ 100023a1 f   LIBCMT:throw_bad_alloc.obj
 0001:000013be       ?__scrt_throw_std_bad_array_new_length@@YAXXZ 100023be f   LIBCMT:throw_bad_alloc.obj
 0001:000013db       ?what@exception@std@@UBEPBDXZ 100023db f i LIBCMT:throw_bad_alloc.obj
 0001:000013e8       ___isa_available_init      100023e8 f   LIBCMT:cpu_disp.obj
 0001:0000157f       __get_startup_argv_mode    1000257f f   LIBCMT:argv_mode.obj
 0001:00001583       ___scrt_is_ucrt_dll_in_use 10002583 f   LIBCMT:ucrt_detection.obj
 0001:0000158f       ___scrt_fastfail           1000258f f   LIBCMT:utility_desktop.obj
 0001:000016a9       __crt_debugger_hook        100026a9 f   LIBCMT:utility_desktop.obj
 0001:000016c0       __SEH_prolog4              100026c0 f   LIBCMT:sehprolg4.obj
 0001:00001706       __SEH_epilog4              10002706 f   LIBCMT:sehprolg4.obj
 0001:0000171b       @_guard_check_icall_nop@4  1000271b f i LIBCMT:guard_support.obj
 0001:0000171c       ??3@YAXPAX@Z               1000271c f   LIBCMT:delete_scalar.obj
 0001:0000176e       ___security_init_cookie    1000276e f   LIBCMT:gs_support.obj
 0001:000017b9       _DllMain@12                100027b9 f   LIBCMT:dll_dllmain_stub.obj
 0001:000017bf       ?__scrt_initialize_type_info@@YAXXZ 100027bf f   LIBCMT:tncleanup.obj
 0001:000017cb       ?__scrt_uninitialize_type_info@@YAXXZ 100027cb f   LIBCMT:tncleanup.obj
 0001:000017d7       ___local_stdio_printf_options 100027d7 f i LIBCMT:default_local_stdio_options.obj
 0001:000017dd       ___local_stdio_scanf_options 100027dd f i LIBCMT:default_local_stdio_options.obj
 0001:000017e3       ___scrt_initialize_default_local_stdio_options 100027e3 f   LIBCMT:default_local_stdio_options.obj
 0001:00001800       ___scrt_get_dyn_tls_init_callback 10002800 f   LIBCMT:dyn_tls_init.obj
 0001:00001806       __RTC_Initialize           10002806 f   LIBCMT:initsect.obj
 0001:00001832       __RTC_Terminate            10002832 f   LIBCMT:initsect.obj
 0001:0000185e       ??_Gtype_info@@UAEPAXI@Z   1000285e f i LIBCMT:std_type_info_static.obj
 0001:0000185e       ??_Etype_info@@UAEPAXI@Z   1000285e f i LIBCMT:std_type_info_static.obj
 0001:00001881       ___vcrt_initialize         10002881 f   libvcruntime:initialization.obj
 0001:000018aa       ___vcrt_thread_attach      100028aa f   libvcruntime:initialization.obj
 0001:000018b5       ___vcrt_thread_detach      100028b5 f   libvcruntime:initialization.obj
 0001:000018c0       ___vcrt_uninitialize       100028c0 f   libvcruntime:initialization.obj
 0001:000018df       ___vcrt_uninitialize_critical 100028df f   libvcruntime:initialization.obj
 0001:00001930       __except_handler4          10002930 f   libvcruntime:chandler4.obj
 0001:00001a87       ___std_exception_copy      10002a87 f   libvcruntime:std_exception.obj
 0001:00001aea       ___std_exception_destroy   10002aea f   libvcruntime:std_exception.obj
 0001:00001b09       __CxxThrowException@8      10002b09 f   libvcruntime:throw.obj
 0001:00001b80       _memset                    10002b80 f   libvcruntime:memset.obj
 0001:00001cda       ___std_type_info_destroy_list 10002cda f   libvcruntime:std_type_info.obj
 0001:00001cfd       ___vcrt_freefls@4          10002cfd f   libvcruntime:per_thread_data.obj
 0001:00001d19       ___vcrt_freeptd            10002d19 f   libvcruntime:per_thread_data.obj
 0001:00001d4f       ___vcrt_getptd_noexit      10002d4f f   libvcruntime:per_thread_data.obj
 0001:00001de1       ___vcrt_initialize_ptd     10002de1 f   libvcruntime:per_thread_data.obj
 0001:00001e14       ___vcrt_uninitialize_ptd   10002e14 f   libvcruntime:per_thread_data.obj
 0001:00001e2f       ___vcrt_initialize_locks   10002e2f f   libvcruntime:locks.obj
 0001:00001e6b       ___vcrt_uninitialize_locks 10002e6b f   libvcruntime:locks.obj
 0001:00001fcd       ___vcrt_FlsAlloc           10002fcd f   libvcruntime:winapi_downlevel.obj
 0001:00002008       ___vcrt_FlsFree            10003008 f   libvcruntime:winapi_downlevel.obj
 0001:00002043       ___vcrt_FlsGetValue        10003043 f   libvcruntime:winapi_downlevel.obj
 0001:0000207e       ___vcrt_FlsSetValue        1000307e f   libvcruntime:winapi_downlevel.obj
 0001:000020bc       ___vcrt_InitializeCriticalSectionEx 100030bc f   libvcruntime:winapi_downlevel.obj
 0001:00002103       ___vcrt_initialize_winapi_thunks 10003103 f   libvcruntime:winapi_downlevel.obj
 0001:0000212c       ___vcrt_uninitialize_winapi_thunks 1000312c f   libvcruntime:winapi_downlevel.obj
 0001:0000215e       ___vcrt_initialize_pure_virtual_call_handler 1000315e f   libvcruntime:purevirt_data.obj
 0001:00002170       __local_unwind4            10003170 f   libvcruntime:exsup4.obj
 0001:00002248       __seh_longjmp_unwind4@4    10003248 f   libvcruntime:exsup4.obj
 0001:00002270       @_EH4_CallFilterFunc@8     10003270 f   libvcruntime:exsup4.obj
 0001:00002288       @_EH4_TransferToHandler@8  10003288 f   libvcruntime:exsup4.obj
 0001:000022a4       @_EH4_GlobalUnwind2@8      100032a4 f   libvcruntime:exsup4.obj
 0001:000022c0       @_EH4_LocalUnwind@16       100032c0 f   libvcruntime:exsup4.obj
 0001:000022d7       ___except_validate_context_record 100032d7 f   libvcruntime:jbcxrval.obj
 0001:00002307       ___except_validate_jump_buffer 10003307 f   libvcruntime:jbcxrval.obj
 0001:00002340       __global_unwind2           10003340 f   libvcruntime:exsup.obj
 0001:000023a6       __local_unwind2            100033a6 f   libvcruntime:exsup.obj
 0001:0000242a       __abnormal_termination     1000342a f   libvcruntime:exsup.obj
 0001:00002450       __NLG_Notify1              10003450 f   libvcruntime:exsup.obj
 0001:0000245c       __NLG_Notify               1000345c f   libvcruntime:exsup.obj
 0001:00002473       __NLG_Dispatch2            10003473     libvcruntime:exsup.obj
 0001:00002473       __NLG_Dispatch             10003473     libvcruntime:exsup.obj
 0001:0000247b       __NLG_Call                 1000347b f   libvcruntime:exsup.obj
 0001:0000247d       __NLG_Return2              1000347d     libvcruntime:exsup.obj
 0001:00002480       _memcpy                    10003480 f   libvcruntime:memcpy.obj
 0001:00002a00       __CallSettingFrame@12      10003a00 f   libvcruntime:lowhelpr.obj
 0001:00002a27       __NLG_Return               10003a27     libvcruntime:lowhelpr.obj
 0001:00002a4c       ___DestructExceptionObject 10003a4c f   libvcruntime:ehhelpers.obj
 0001:00002aec       ?_CallMemberFunction0@@YGXQAX0@Z 10003aec f i libvcruntime:ehhelpers.obj
 0001:00002b00       _memmove                   10003b00 f   libvcruntime:memmove.obj
 0001:00003677       ??$ftprintf@PAU_iobuf@@PB_WABQB_WABQB_WABI@?$__crt_char_traits@_W@@SAH$$QAPAU_iobuf@@$$QAPB_WABQB_W2ABI@Z 10004677 f i libucrt:assert.obj
 0001:00003756       __vfwprintf_l              10004756 f i libucrt:assert.obj
 0001:0000377b       __vswprintf_c_l            1000477b f i libucrt:assert.obj
 0001:000037aa       __wassert                  100047aa f   libucrt:assert.obj
 0001:000037f2       _fwprintf                  100047f2 f i libucrt:assert.obj
 0001:0000388e       _swprintf                  1000488e f i libucrt:assert.obj
 0001:000038ac       ??0_LocaleUpdate@@QAE@QAU__crt_locale_pointers@@@Z 100048ac f i libucrt:stricmp.obj
 0001:0000392f       ___ascii_stricmp           1000492f f   libucrt:stricmp.obj
 0001:0000396a       __stricmp                  1000496a f   libucrt:stricmp.obj
 0001:000039b3       __stricmp_l                100049b3 f   libucrt:stricmp.obj
 0001:00003a4d       ___acrt_initialize_new_handler 10004a4d f   libucrt:new_handler.obj
 0001:00003a5c       __callnewh                 10004a5c f   libucrt:new_handler.obj
 0001:00003a89       __query_new_handler        10004a89 f   libucrt:new_handler.obj
 0001:00003adb       _malloc                    10004adb f   libucrt:malloc.obj
 0001:00003ae6       __seh_filter_dll           10004ae6 f   libucrt:exception_filter.obj
 0001:00003b06       __seh_filter_exe           10004b06 f   libucrt:exception_filter.obj
 0001:00003ec6       ___acrt_initialize_thread_local_exit_callback 10004ec6 f   libucrt:exit.obj
 0001:00003ed5       __cexit                    10004ed5 f   libucrt:exit.obj
 0001:00003ee4       __exit                     10004ee4 f   libucrt:exit.obj
 0001:00003efa       __is_c_termination_complete 10004efa f   libucrt:exit.obj
 0001:000041b2       ___acrt_allocate_buffer_for_argv 100051b2 f   libucrt:argv_parsing.obj
 0001:00004201       __configure_narrow_argv    10005201 f   libucrt:argv_parsing.obj
 0001:00004360       ??$uninitialize@A6AXAAPAPA_W@Z@?$dual_state_global@PAPA_W@__crt_state_management@@QAEXA6AXAAPAPA_W@Z@Z 10005360 f i libucrt:environment_initialization.obj
 0001:00004360       ??$uninitialize@A6AXAAPAPAD@Z@?$dual_state_global@PAPAD@__crt_state_management@@QAEXA6AXAAPAPAD@Z@Z 10005360 f i libucrt:environment_initialization.obj
 0001:000043bf       ___dcrt_uninitialize_environments_nolock 100053bf f   libucrt:environment_initialization.obj
 0001:000043f6       __initialize_narrow_environment 100053f6 f   libucrt:environment_initialization.obj
 0001:0000449d       ??$__crt_fast_encode_pointer@P6AHXZ@@YAP6AHXZQ6AHXZ@Z 1000549d f i libucrt:onexit.obj
 0001:000046c3       __crt_atexit               100056c3 f   libucrt:onexit.obj
 0001:000046d9       __execute_onexit_table     100056d9 f   libucrt:onexit.obj
 0001:00004708       __initialize_onexit_table  10005708 f   libucrt:onexit.obj
 0001:00004731       __register_onexit_function 10005731 f   libucrt:onexit.obj
 0001:0000478d       ___acrt_uninitialize_command_line 1000578d f   libucrt:argv_data.obj
 0001:00004866       ___acrt_initialize         10005866 f   libucrt:initialization.obj
 0001:00004878       ___acrt_thread_attach      10005878 f   libucrt:initialization.obj
 0001:00004883       ___acrt_thread_detach      10005883 f   libucrt:initialization.obj
 0001:0000488b       ___acrt_uninitialize       1000588b f   libucrt:initialization.obj
 0001:000048bb       ___acrt_uninitialize_critical 100058bb f   libucrt:initialization.obj
 0001:000048cd       __initterm                 100058cd f   libucrt:initterm.obj
 0001:00004914       __initterm_e               10005914 f   libucrt:initterm.obj
 0001:00004942       _terminate                 10005942 f   libucrt:terminate.obj
 0001:0000497e       _free                      1000597e f   libucrt:free.obj
 0001:0000499b       _strcpy_s                  1000599b f   libucrt:strcpy_s.obj
 0001:000049f5       _abort                     100059f5 f   libucrt:abort.obj
 0001:00004a39       _calloc                    10005a39 f   libucrt:calloc.obj
 0001:00004a44       _wcsncmp                   10005a44 f   libucrt:wcsncmp.obj
 0001:00004c58       ??$count@D@formatting_buffer@__crt_stdio_output@@QBEIXZ 10005c58 f i libucrt:output.obj
 0001:00004c70       ??$count@_W@formatting_buffer@__crt_stdio_output@@QBEIXZ 10005c70 f i libucrt:output.obj
 0001:00004c89       ??$ensure_buffer_is_big_enough@D@formatting_buffer@__crt_stdio_output@@QAE_NI@Z 10005c89 f i libucrt:output.obj
 0001:00004d08       ??$ensure_buffer_is_big_enough@_W@formatting_buffer@__crt_stdio_output@@QAE_NI@Z 10005d08 f i libucrt:output.obj
 0001:00004d88       ??$is_wide_character_specifier@_W@__crt_stdio_output@@YA_N_K_WW4length_modifier@0@@Z 10005d88 f i libucrt:output.obj
 0001:00004dd6       ??$scratch_data@D@formatting_buffer@__crt_stdio_output@@QAEPADXZ 10005dd6 f i libucrt:output.obj
 0001:00004df4       ??$type_case_integer_parse_into_buffer@I@?$output_processor@_WV?$stream_output_adapter@_W@__crt_stdio_output@@V?$standard_base@_WV?$stream_output_adapter@_W@__crt_stdio_output@@@2@@__crt_stdio_output@@AAEXII_N@Z 10005df4 f i libucrt:output.obj
 0001:00004df4       ??$type_case_integer_parse_into_buffer@I@?$output_processor@_WV?$string_output_adapter@_W@__crt_stdio_output@@V?$standard_base@_WV?$string_output_adapter@_W@__crt_stdio_output@@@2@@__crt_stdio_output@@AAEXII_N@Z 10005df4 f i libucrt:output.obj
 0001:00004e7b       ??$type_case_integer_parse_into_buffer@_K@?$output_processor@_WV?$string_output_adapter@_W@__crt_stdio_output@@V?$standard_base@_WV?$string_output_adapter@_W@__crt_stdio_output@@@2@@__crt_stdio_output@@AAEX_KI_N@Z 10005e7b f i libucrt:output.obj
 0001:00004e7b       ??$type_case_integer_parse_into_buffer@_K@?$output_processor@_WV?$stream_output_adapter@_W@__crt_stdio_output@@V?$standard_base@_WV?$stream_output_adapter@_W@__crt_stdio_output@@@2@@__crt_stdio_output@@AAEX_KI_N@Z 10005e7b f i libucrt:output.obj
 0001:00004f1f       ??$write_multiple_characters@V?$stream_output_adapter@_W@__crt_stdio_output@@D@__crt_stdio_output@@YAXABV?$stream_output_adapter@_W@0@DHQAH@Z 10005f1f f i libucrt:output.obj
 0001:00004f5f       ??$write_multiple_characters@V?$string_output_adapter@_W@__crt_stdio_output@@D@__crt_stdio_output@@YAXABV?$string_output_adapter@_W@0@DHQAH@Z 10005f5f f i libucrt:output.obj
 0001:00004f90       ??0?$common_data@_W@__crt_stdio_output@@IAE@XZ 10005f90 f i libucrt:output.obj
 0001:00004fdc       ??0?$output_adapter_data@_WV?$string_output_adapter@_W@__crt_stdio_output@@@__crt_stdio_output@@IAE@ABV?$string_output_adapter@_W@1@_KQB_WQAU__crt_locale_pointers@@QAD@Z 10005fdc f i libucrt:output.obj
 0001:00004fdc       ??0?$output_adapter_data@_WV?$stream_output_adapter@_W@__crt_stdio_output@@@__crt_stdio_output@@IAE@ABV?$stream_output_adapter@_W@1@_KQB_WQAU__crt_locale_pointers@@QAD@Z 10005fdc f i libucrt:output.obj
 0001:00005018       ??1formatting_buffer@__crt_stdio_output@@QAE@XZ 10006018 f i libucrt:output.obj
 0001:00005032       ??4?$__crt_unique_heap_ptr@DU__crt_internal_free_policy@@@@QAEAAV0@$$QAV0@@Z 10006032 f i libucrt:output.obj
 0001:00005117       ?crop_zeroes@__crt_stdio_output@@YAXPADQAU__crt_locale_pointers@@@Z 10006117 f i libucrt:output.obj
 0001:00005177       ?find_next_state@?$output_processor@_WV?$stream_output_adapter@_W@__crt_stdio_output@@V?$standard_base@_WV?$stream_output_adapter@_W@__crt_stdio_output@@@2@@__crt_stdio_output@@ABE?AW4state@2@_WW432@@Z 10006177 f i libucrt:output.obj
 0001:00005177       ?find_next_state@?$output_processor@_WV?$string_output_adapter@_W@__crt_stdio_output@@V?$standard_base@_WV?$string_output_adapter@_W@__crt_stdio_output@@@2@@__crt_stdio_output@@ABE?AW4state@2@_WW432@@Z 10006177 f i libucrt:output.obj
 0001:000051b8       ?force_decimal_point@__crt_stdio_output@@YAXPADQAU__crt_locale_pointers@@@Z 100061b8 f i libucrt:output.obj
 0001:00005214       ?parse_int_from_format_string@?$output_processor@_WV?$stream_output_adapter@_W@__crt_stdio_output@@V?$standard_base@_WV?$stream_output_adapter@_W@__crt_stdio_output@@@2@@__crt_stdio_output@@AAE_NQAH@Z 10006214 f i libucrt:output.obj
 0001:00005214       ?parse_int_from_format_string@?$output_processor@_WV?$string_output_adapter@_W@__crt_stdio_output@@V?$standard_base@_WV?$string_output_adapter@_W@__crt_stdio_output@@@2@@__crt_stdio_output@@AAE_NQAH@Z 10006214 f i libucrt:output.obj
 0001:0000528c       ?process@?$output_processor@_WV?$stream_output_adapter@_W@__crt_stdio_output@@V?$standard_base@_WV?$stream_output_adapter@_W@__crt_stdio_output@@@2@@__crt_stdio_output@@QAEHXZ 1000628c f i libucrt:output.obj
 0001:000053a8       ?process@?$output_processor@_WV?$string_output_adapter@_W@__crt_stdio_output@@V?$standard_base@_WV?$string_output_adapter@_W@__crt_stdio_output@@@2@@__crt_stdio_output@@QAEHXZ 100063a8 f i libucrt:output.obj
 0001:000054c4       ?state_case_flag@?$output_processor@_WV?$string_output_adapter@_W@__crt_stdio_output@@V?$standard_base@_WV?$string_output_adapter@_W@__crt_stdio_output@@@2@@__crt_stdio_output@@AAE_NXZ 100064c4 f i libucrt:output.obj
 0001:000054c4       ?state_case_flag@?$output_processor@_WV?$stream_output_adapter@_W@__crt_stdio_output@@V?$standard_base@_WV?$stream_output_adapter@_W@__crt_stdio_output@@@2@@__crt_stdio_output@@AAE_NXZ 100064c4 f i libucrt:output.obj
 0001:00005501       ?state_case_normal@?$output_processor@_WV?$stream_output_adapter@_W@__crt_stdio_output@@V?$standard_base@_WV?$stream_output_adapter@_W@__crt_stdio_output@@@2@@__crt_stdio_output@@AAE_NXZ 10006501 f i libucrt:output.obj
 0001:00005520       ?state_case_normal@?$output_processor@_WV?$string_output_adapter@_W@__crt_stdio_output@@V?$standard_base@_WV?$string_output_adapter@_W@__crt_stdio_output@@@2@@__crt_stdio_output@@AAE_NXZ 10006520 f i libucrt:output.obj
 0001:0000553f       ?state_case_normal_common@?$output_processor@_WV?$stream_output_adapter@_W@__crt_stdio_output@@V?$standard_base@_WV?$stream_output_adapter@_W@__crt_stdio_output@@@2@@__crt_stdio_output@@AAE_NXZ 1000653f f i libucrt:output.obj
 0001:00005569       ?state_case_normal_common@?$output_processor@_WV?$string_output_adapter@_W@__crt_stdio_output@@V?$standard_base@_WV?$string_output_adapter@_W@__crt_stdio_output@@@2@@__crt_stdio_output@@AAE_NXZ 10006569 f i libucrt:output.obj
 0001:00005584       ?state_case_precision@?$output_processor@_WV?$stream_output_adapter@_W@__crt_stdio_output@@V?$standard_base@_WV?$stream_output_adapter@_W@__crt_stdio_output@@@2@@__crt_stdio_output@@AAE_NXZ 10006584 f i libucrt:output.obj
 0001:00005584       ?state_case_precision@?$output_processor@_WV?$string_output_adapter@_W@__crt_stdio_output@@V?$standard_base@_WV?$string_output_adapter@_W@__crt_stdio_output@@@2@@__crt_stdio_output@@AAE_NXZ 10006584 f i libucrt:output.obj
 0001:000055ab       ?state_case_size@?$output_processor@_WV?$stream_output_adapter@_W@__crt_stdio_output@@V?$standard_base@_WV?$stream_output_adapter@_W@__crt_stdio_output@@@2@@__crt_stdio_output@@AAE_NXZ 100065ab f i libucrt:output.obj
 0001:00005723       ?state_case_size@?$output_processor@_WV?$string_output_adapter@_W@__crt_stdio_output@@V?$standard_base@_WV?$string_output_adapter@_W@__crt_stdio_output@@@2@@__crt_stdio_output@@AAE_NXZ 10006723 f i libucrt:output.obj
 0001:0000589b       ?state_case_type@?$output_processor@_WV?$stream_output_adapter@_W@__crt_stdio_output@@V?$standard_base@_WV?$stream_output_adapter@_W@__crt_stdio_output@@@2@@__crt_stdio_output@@AAE_NXZ 1000689b f i libucrt:output.obj
 0001:00005b02       ?state_case_type@?$output_processor@_WV?$string_output_adapter@_W@__crt_stdio_output@@V?$standard_base@_WV?$string_output_adapter@_W@__crt_stdio_output@@@2@@__crt_stdio_output@@AAE_NXZ 10006b02 f i libucrt:output.obj
 0001:00005d69       ?state_case_width@?$output_processor@_WV?$string_output_adapter@_W@__crt_stdio_output@@V?$standard_base@_WV?$string_output_adapter@_W@__crt_stdio_output@@@2@@__crt_stdio_output@@AAE_NXZ 10006d69 f i libucrt:output.obj
 0001:00005d69       ?state_case_width@?$output_processor@_WV?$stream_output_adapter@_W@__crt_stdio_output@@V?$standard_base@_WV?$stream_output_adapter@_W@__crt_stdio_output@@@2@@__crt_stdio_output@@AAE_NXZ 10006d69 f i libucrt:output.obj
 0001:00005d95       ?to_integer_size@__crt_stdio_output@@YAIW4length_modifier@1@@Z 10006d95 f i libucrt:output.obj
 0001:00005de9       ?type_case_Z@?$output_processor@_WV?$stream_output_adapter@_W@__crt_stdio_output@@V?$standard_base@_WV?$stream_output_adapter@_W@__crt_stdio_output@@@2@@__crt_stdio_output@@AAE_NXZ 10006de9 f i libucrt:output.obj
 0001:00005de9       ?type_case_Z@?$output_processor@_WV?$string_output_adapter@_W@__crt_stdio_output@@V?$standard_base@_WV?$string_output_adapter@_W@__crt_stdio_output@@@2@@__crt_stdio_output@@AAE_NXZ 10006de9 f i libucrt:output.obj
 0001:00005e45       ?type_case_a@?$output_processor@_WV?$stream_output_adapter@_W@__crt_stdio_output@@V?$standard_base@_WV?$stream_output_adapter@_W@__crt_stdio_output@@@2@@__crt_stdio_output@@AAE_NXZ 10006e45 f i libucrt:output.obj
 0001:00005e45       ?type_case_a@?$output_processor@_WV?$string_output_adapter@_W@__crt_stdio_output@@V?$standard_base@_WV?$string_output_adapter@_W@__crt_stdio_output@@@2@@__crt_stdio_output@@AAE_NXZ 10006e45 f i libucrt:output.obj
 0001:00005fb4       ?type_case_c_tchar@?$output_processor@_WV?$string_output_adapter@_W@__crt_stdio_output@@V?$standard_base@_WV?$string_output_adapter@_W@__crt_stdio_output@@@2@@__crt_stdio_output@@AAE_N_W@Z 10006fb4 f i libucrt:output.obj
 0001:00005fb4       ?type_case_c_tchar@?$output_processor@_WV?$stream_output_adapter@_W@__crt_stdio_output@@V?$standard_base@_WV?$stream_output_adapter@_W@__crt_stdio_output@@@2@@__crt_stdio_output@@AAE_N_W@Z 10006fb4 f i libucrt:output.obj
 0001:0000604c       ?type_case_integer@?$output_processor@_WV?$string_output_adapter@_W@__crt_stdio_output@@V?$standard_base@_WV?$string_output_adapter@_W@__crt_stdio_output@@@2@@__crt_stdio_output@@AAE_NI_N@Z 1000704c f i libucrt:output.obj
 0001:0000604c       ?type_case_integer@?$output_processor@_WV?$stream_output_adapter@_W@__crt_stdio_output@@V?$standard_base@_WV?$stream_output_adapter@_W@__crt_stdio_output@@@2@@__crt_stdio_output@@AAE_NI_N@Z 1000704c f i libucrt:output.obj
 0001:000061a3       ?type_case_n@?$output_processor@_WV?$string_output_adapter@_W@__crt_stdio_output@@V?$standard_base@_WV?$string_output_adapter@_W@__crt_stdio_output@@@2@@__crt_stdio_output@@AAE_NXZ 100071a3 f i libucrt:output.obj
 0001:000061a3       ?type_case_n@?$output_processor@_WV?$stream_output_adapter@_W@__crt_stdio_output@@V?$standard_base@_WV?$stream_output_adapter@_W@__crt_stdio_output@@@2@@__crt_stdio_output@@AAE_NXZ 100071a3 f i libucrt:output.obj
 0001:00006217       ?type_case_o@?$output_processor@_WV?$stream_output_adapter@_W@__crt_stdio_output@@V?$standard_base@_WV?$stream_output_adapter@_W@__crt_stdio_output@@@2@@__crt_stdio_output@@AAE_NXZ 10007217 f i libucrt:output.obj
 0001:00006217       ?type_case_o@?$output_processor@_WV?$string_output_adapter@_W@__crt_stdio_output@@V?$standard_base@_WV?$string_output_adapter@_W@__crt_stdio_output@@@2@@__crt_stdio_output@@AAE_NXZ 10007217 f i libucrt:output.obj
 0001:00006236       ?type_case_p@?$output_processor@_WV?$stream_output_adapter@_W@__crt_stdio_output@@V?$standard_base@_WV?$stream_output_adapter@_W@__crt_stdio_output@@@2@@__crt_stdio_output@@AAE_NXZ 10007236 f i libucrt:output.obj
 0001:00006236       ?type_case_p@?$output_processor@_WV?$string_output_adapter@_W@__crt_stdio_output@@V?$standard_base@_WV?$string_output_adapter@_W@__crt_stdio_output@@@2@@__crt_stdio_output@@AAE_NXZ 10007236 f i libucrt:output.obj
 0001:0000624e       ?type_case_s@?$output_processor@_WV?$string_output_adapter@_W@__crt_stdio_output@@V?$standard_base@_WV?$string_output_adapter@_W@__crt_stdio_output@@@2@@__crt_stdio_output@@AAE_NXZ 1000724e f i libucrt:output.obj
 0001:0000624e       ?type_case_s@?$output_processor@_WV?$stream_output_adapter@_W@__crt_stdio_output@@V?$standard_base@_WV?$stream_output_adapter@_W@__crt_stdio_output@@@2@@__crt_stdio_output@@AAE_NXZ 1000724e f i libucrt:output.obj
 0001:000062c1       ?type_case_s_compute_narrow_string_length@?$output_processor@_WV?$string_output_adapter@_W@__crt_stdio_output@@V?$standard_base@_WV?$string_output_adapter@_W@__crt_stdio_output@@@2@@__crt_stdio_output@@ABEHH_W@Z 100072c1 f i libucrt:output.obj
 0001:000062c1       ?type_case_s_compute_narrow_string_length@?$output_processor@_WV?$stream_output_adapter@_W@__crt_stdio_output@@V?$standard_base@_WV?$stream_output_adapter@_W@__crt_stdio_output@@@2@@__crt_stdio_output@@ABEHH_W@Z 100072c1 f i libucrt:output.obj
 0001:00006308       ?validate@?$c_string_character_source@_W@__crt_strtox@@QBE_NXZ 10007308 f i libucrt:atox.obj
 0001:00006308       ?validate@?$stream_output_adapter@_W@__crt_stdio_output@@QBE_NXZ 10007308 f i libucrt:output.obj
 0001:00006308       ?validate@?$string_output_adapter@_W@__crt_stdio_output@@QBE_NXZ 10007308 f i libucrt:output.obj
 0001:00006323       ?write_character@?$string_output_adapter@_W@__crt_stdio_output@@QBE_N_WQAH@Z 10007323 f i libucrt:output.obj
 0001:00006368       ?write_character_without_count_update@?$stream_output_adapter@_W@__crt_stdio_output@@QBE_N_W@Z 10007368 f i libucrt:output.obj
 0001:000063a1       ?write_stored_string_tchar@?$output_processor@_WV?$stream_output_adapter@_W@__crt_stdio_output@@V?$standard_base@_WV?$stream_output_adapter@_W@__crt_stdio_output@@@2@@__crt_stdio_output@@AAE_N_W@Z 100073a1 f i libucrt:output.obj
 0001:00006436       ?write_stored_string_tchar@?$output_processor@_WV?$string_output_adapter@_W@__crt_stdio_output@@V?$standard_base@_WV?$string_output_adapter@_W@__crt_stdio_output@@@2@@__crt_stdio_output@@AAE_N_W@Z 10007436 f i libucrt:output.obj
 0001:000064cb       ?write_string@?$stream_output_adapter@_W@__crt_stdio_output@@QBEXQB_WHQAHAAV__crt_deferred_errno_cache@@@Z 100074cb f i libucrt:output.obj
 0001:000064f7       ?write_string@?$string_output_adapter@_W@__crt_stdio_output@@QBEXQB_WHQAHAAV__crt_deferred_errno_cache@@@Z 100074f7 f i libucrt:output.obj
 0001:0000656a       ?write_string_impl@?$output_adapter_common@_WV?$stream_output_adapter@_W@__crt_stdio_output@@@__crt_stdio_output@@IBEXQB_WHQAHAAV__crt_deferred_errno_cache@@@Z 1000756a f i libucrt:output.obj
 0001:0000660d       ___acrt_locale_get_ctype_array_value 1000760d f i libucrt:output.obj
 0001:0000662f       ___stdio_common_vfwprintf  1000762f f   libucrt:output.obj
 0001:000066b4       ___stdio_common_vswprintf  100076b4 f   libucrt:output.obj
 0001:000066d8       ??$is_overflow_condition@K@__crt_strtox@@YA_NIK@Z 100076d8 f i libucrt:atox.obj
 0001:00006709       ??$parse_integer@KV?$c_string_character_source@_W@__crt_strtox@@@__crt_strtox@@YAKQAU__crt_locale_pointers@@V?$c_string_character_source@_W@0@H_N@Z 10007709 f i libucrt:atox.obj
 0001:00006d4b       ?unget@?$c_string_character_source@_W@__crt_strtox@@QAEX_W@Z 10007d4b f i libucrt:atox.obj
 0001:00006d79       __chvalidchk_l             10007d79 f i libucrt:atox.obj
 0001:00006da1       __ischartype_l             10007da1 f i libucrt:atox.obj
 0001:00006de0       _strncmp                   10007de0 f   libucrt:strncmp.obj
 0001:00006e58       ___acrt_call_reportfault   10007e58 f   libucrt:invalid_parameter.obj
 0001:00006f93       ___acrt_initialize_invalid_parameter_handler 10007f93 f   libucrt:invalid_parameter.obj
 0001:00006fa2       __invalid_parameter        10007fa2 f   libucrt:invalid_parameter.obj
 0001:00007006       __invalid_parameter_noinfo 10008006 f   libucrt:invalid_parameter.obj
 0001:00007016       __invoke_watson            10008016 f   libucrt:invalid_parameter.obj
 0001:0000704a       __query_app_type           1000804a f   libucrt:report_runtime_error.obj
 0001:00007050       ___acrt_errno_from_os_error 10008050 f   libucrt:errno.obj
 0001:00007093       ___acrt_errno_map_os_error 10008093 f   libucrt:errno.obj
 0001:000070b6       ___doserrno                100080b6 f   libucrt:errno.obj
 0001:000070c9       __errno                    100080c9 f   libucrt:errno.obj
 0001:00007203       __itow_s                   10008203 f   libucrt:xtoa.obj
 0001:00007238       __set_error_mode           10008238 f   libucrt:set_error_mode.obj
 0001:00007277       _wcscat_s                  10008277 f   libucrt:wcscat_s.obj
 0001:000072ec       _wcscpy_s                  100082ec f   libucrt:wcscpy_s.obj
 0001:00007439       _wcsncat_s                 10008439 f   libucrt:wcsncat_s.obj
 0001:0000750b       ?__acrt_get_utf8_acp_compatibility_codepage@@YAIXZ 1000850b f i libucrt:getmodulefilenamea.obj
 0001:0000754c       ?allocate@?$__crt_win32_buffer@DU__crt_win32_buffer_no_resizing@@@@QAEHI@Z 1000854c f i libucrt:getmodulefilenamea.obj
 0001:00007573       ?set_to_nullptr@?$__crt_win32_buffer@DU__crt_win32_buffer_no_resizing@@@@QAEXXZ 10008573 f i libucrt:getmodulefilenamea.obj
 0001:00007587       ___acrt_GetModuleFileNameA 10008587 f   libucrt:getmodulefilenamea.obj
 0001:000076a8       ___acrt_show_wide_message_box 100086a8 f   libucrt:crtmbox.obj
 0001:000076b3       ___acrt_initialize_stdio   100086b3 f   libucrt:_file.obj
 0001:0000777b       ___acrt_iob_func           1000877b f   libucrt:_file.obj
 0001:0000778b       ___acrt_uninitialize_stdio 1000878b f   libucrt:_file.obj
 0001:000077d7       __lock_file                100087d7 f   libucrt:_file.obj
 0001:000077eb       __unlock_file              100087eb f   libucrt:_file.obj
 0001:00007a20       ___acrt_stdio_flush_nolock 10008a20 f   libucrt:fflush.obj
 0001:00007a85       __fflush_nolock            10008a85 f   libucrt:fflush.obj
 0001:00007acd       __flushall                 10008acd f   libucrt:fflush.obj
 0001:00007ad6       _fflush                    10008ad6 f   libucrt:fflush.obj
 0001:00007c4b       _setvbuf                   10008c4b f   libucrt:setvbuf.obj
 0001:00007d93       ___acrt_get_sigabrt_handler 10008d93 f   libucrt:signal.obj
 0001:00007dbc       ___acrt_initialize_signal_handlers 10008dbc f   libucrt:signal.obj
 0001:00007dda       ___fpecode                 10008dda f   libucrt:signal.obj
 0001:00007de3       _raise                     10008de3 f   libucrt:signal.obj
 0001:0000812d       __tolower_l                1000912d f   libucrt:tolower_toupper.obj
 0001:00008147       _tolower                   10009147 f   libucrt:tolower_toupper.obj
 0001:00008491       ___acrt_freeptd            10009491 f   libucrt:per_thread_data.obj
 0001:000084bd       ___acrt_getptd             100094bd f   libucrt:per_thread_data.obj
 0001:0000857a       ___acrt_getptd_head        1000957a f   libucrt:per_thread_data.obj
 0001:00008614       ___acrt_getptd_noexit      10009614 f   libucrt:per_thread_data.obj
 0001:000086c9       ___acrt_initialize_ptd     100096c9 f   libucrt:per_thread_data.obj
 0001:000086f5       ___acrt_uninitialize_ptd   100096f5 f   libucrt:per_thread_data.obj
 0001:0000870f       ___acrt_update_locale_info 1000970f f   libucrt:locale_update.obj
 0001:0000873c       ___acrt_update_multibyte_info 1000973c f   libucrt:locale_update.obj
 0001:000087cd       ___acrt_set_locale_changed 100097cd f   libucrt:wsetlocale.obj
 0001:000087d8       ___acrt_uninitialize_locale 100097d8 f   libucrt:wsetlocale.obj
 0001:00008801       ___acrt_initialize_locks   10009801 f   libucrt:locks.obj
 0001:00008842       ___acrt_lock               10009842 f   libucrt:locks.obj
 0001:00008859       ___acrt_uninitialize_locks 10009859 f   libucrt:locks.obj
 0001:0000888a       ___acrt_unlock             1000988a f   libucrt:locks.obj
 0001:000088a1       __malloc_base              100098a1 f   libucrt:malloc_base.obj
 0001:000088ef       ___acrt_get_developer_information_policy 100098ef f   libucrt:win_policies.obj
 0001:00008935       ___acrt_get_process_end_policy 10009935 f   libucrt:win_policies.obj
 0001:00008968       ___acrt_get_windowing_model_policy 10009968 f   libucrt:win_policies.obj
 0001:000089c6       __calloc_base              100099c6 f   libucrt:calloc_base.obj
 0001:00008a23       __free_base                10009a23 f   libucrt:free_base.obj
 0001:00008bf6       ??$__acrt_mbs_to_wcs_cp@U__crt_win32_buffer_internal_dynamic_resizing@@@@YAHQBDAAV?$__crt_win32_buffer@_WU__crt_win32_buffer_internal_dynamic_resizing@@@@I@Z 10009bf6 f i libucrt:argv_wildcards.obj
 0001:00009112       ?_deallocate@?$__crt_win32_buffer@DU__crt_win32_buffer_internal_dynamic_resizing@@@@AAEXXZ 1000a112 f i libucrt:argv_wildcards.obj
 0001:00009112       ?_deallocate@?$__crt_win32_buffer@_WU__crt_win32_buffer_internal_dynamic_resizing@@@@AAEXXZ 1000a112 f i libucrt:argv_wildcards.obj
 0001:0000912c       ?allocate@?$__crt_win32_buffer@DU__crt_win32_buffer_internal_dynamic_resizing@@@@QAEHI@Z 1000a12c f i libucrt:argv_wildcards.obj
 0001:00009168       ?allocate@?$__crt_win32_buffer@_WU__crt_win32_buffer_internal_dynamic_resizing@@@@QAEHI@Z 1000a168 f i libucrt:argv_wildcards.obj
 0001:000091a7       ?allocate@__crt_win32_buffer_internal_dynamic_resizing@@SAHQAPAXIABV__crt_win32_buffer_empty_debug_info@@@Z 1000a1a7 f i libucrt:argv_wildcards.obj
 0001:0000924d       ___acrt_expand_narrow_argv_wildcards 1000a24d f   libucrt:argv_wildcards.obj
 0001:00009768       ___acrt_initialize_multibyte 1000a768 f   libucrt:mbctype.obj
 0001:000097b0       ___acrt_update_thread_multibyte_data 1000a7b0 f   libucrt:mbctype.obj
 0001:000097c3       __setmbcp_nolock           1000a7c3 f   libucrt:mbctype.obj
 0001:00009a11       __ismbblead                1000aa11 f   libucrt:ismbbyte.obj
 0001:00009a29       ___acrt_initialize_command_line 1000aa29 f   libucrt:argv_data.obj
 0001:00009a42       ___acrt_MultiByteToWideChar 1000aa42 f   libucrt:multibytetowidechar.obj
 0001:00009abe       ___acrt_WideCharToMultiByte 1000aabe f   libucrt:widechartomultibyte.obj
 0001:00009ba2       ___dcrt_get_narrow_environment_from_os 1000aba2 f   libucrt:get_environment_from_os.obj
 0001:00009c28       __recalloc_base            1000ac28 f   libucrt:recalloc.obj
 0001:00009e01       ___acrt_initialize_lowio   1000ae01 f   libucrt:ioinit.obj
 0001:00009e57       ___acrt_uninitialize_lowio 1000ae57 f   libucrt:ioinit.obj
 0001:0000a051       ___acrt_AppPolicyGetProcessTerminationMethodInternal@4 1000b051 f   libucrt:winapi_thunks.obj
 0001:0000a091       ___acrt_AppPolicyGetShowDeveloperDiagnosticInternal@4 1000b091 f   libucrt:winapi_thunks.obj
 0001:0000a0d1       ___acrt_AppPolicyGetWindowingModelInternal@4 1000b0d1 f   libucrt:winapi_thunks.obj
 0001:0000a111       ___acrt_AreFileApisANSI@0  1000b111 f   libucrt:winapi_thunks.obj
 0001:0000a130       ___acrt_FlsAlloc@4         1000b130 f   libucrt:winapi_thunks.obj
 0001:0000a16f       ___acrt_FlsFree@4          1000b16f f   libucrt:winapi_thunks.obj
 0001:0000a1ae       ___acrt_FlsGetValue@4      1000b1ae f   libucrt:winapi_thunks.obj
 0001:0000a1ed       ___acrt_FlsSetValue@8      1000b1ed f   libucrt:winapi_thunks.obj
 0001:0000a22f       ___acrt_InitializeCriticalSectionEx@12 1000b22f f   libucrt:winapi_thunks.obj
 0001:0000a27a       ___acrt_LCMapStringEx@36   1000b27a f   libucrt:winapi_thunks.obj
 0001:0000a2d7       ___acrt_LocaleNameToLCID@8 1000b2d7 f   libucrt:winapi_thunks.obj
 0001:0000a308       ___acrt_MessageBoxW@16     1000b308 f   libucrt:winapi_thunks.obj
 0001:0000a33a       ___acrt_can_show_message_box 1000b33a f   libucrt:winapi_thunks.obj
 0001:0000a361       ___acrt_get_parent_window  1000b361 f   libucrt:winapi_thunks.obj
 0001:0000a3c9       ___acrt_initialize_winapi_thunks 1000b3c9 f   libucrt:winapi_thunks.obj
 0001:0000a3f4       ___acrt_is_interactive     1000b3f4 f   libucrt:winapi_thunks.obj
 0001:0000a495       ___acrt_uninitialize_winapi_thunks 1000b495 f   libucrt:winapi_thunks.obj
 0001:0000a4cb       ___acrt_initialize_heap    1000b4cb f   libucrt:heap_handle.obj
 0001:0000a4dc       ___acrt_uninitialize_heap  1000b4dc f   libucrt:heap_handle.obj
 0001:0000a4e6       ___acrt_execute_initializers 1000b4e6 f   libucrt:shared_initialization.obj
 0001:0000a54e       ___acrt_execute_uninitializers 1000b54e f   libucrt:shared_initialization.obj
 0001:0000a57f       ___acrt_has_user_matherr   1000b57f f   libucrt:matherr.obj
 0001:0000a597       ___acrt_initialize_user_matherr 1000b597 f   libucrt:matherr.obj
 0001:0000a5a6       ___acrt_invoke_user_matherr 1000b5a6 f   libucrt:matherr.obj
 0001:0000a5d8       ___acrt_stdio_begin_temporary_buffering_nolock 1000b5d8 f   libucrt:_sftbuf.obj
 0001:0000a68b       ___acrt_stdio_end_temporary_buffering_nolock 1000b68b f   libucrt:_sftbuf.obj
 0001:0000a6c5       __isdigit_l                1000b6c5 f i libucrt:_ctype.obj
 0001:0000a6fd       _isdigit                   1000b6fd f i libucrt:_ctype.obj
 0001:0000a72e       ??$make_c_string_character_source@_WPAPA_W@__crt_strtox@@YA?AV?$c_string_character_source@_W@0@QB_WQAPA_W@Z 1000b72e f i libucrt:strtox.obj
 0001:0000a749       _wcstol                    1000b749 f   libucrt:strtox.obj
 0001:0000a775       __mbtowc_l                 1000b775 f   libucrt:mbtowc.obj
 0001:0000a8b9       _mbtowc                    1000b8b9 f   libucrt:mbtowc.obj
 0001:0000a8d3       __wctomb_s_l               1000b8d3 f   libucrt:wctomb.obj
 0001:0000aa30       _wctomb_s                  1000ba30 f   libucrt:wctomb.obj
 0001:0000aa4d       _wcsnlen                   1000ba4d f   libucrt:strnlen.obj
 0001:0000abfd       ?__acrt_fp_classify@@YA?AW4__acrt_fp_class@@ABN@Z 1000bbfd f i libucrt:cvt.obj
 0001:0000b4b4       ___acrt_fp_format          1000c4b4 f   libucrt:cvt.obj
 0001:0000b621       __fputwc_nolock            1000c621 f   libucrt:fputwc.obj
 0001:0000b74c       __fileno                   1000c74c f   libucrt:fileno.obj
 0001:0000b773       __fputc_nolock             1000c773 f   libucrt:fputc.obj
 0001:0000b79c       __get_printf_count_output  1000c79c f   libucrt:printf_count_output.obj
 0001:0000b7b1       ___pctype_func             1000c7b1 f   libucrt:ctype.obj
 0001:0000b7d7       _iswctype                  1000c7d7 f   libucrt:iswctype.obj
 0001:0000b842       __isctype_l                1000c842 f   libucrt:isctype.obj
 0001:0000b917       __fcloseall                1000c917 f   libucrt:closeall.obj
 0001:0000b9b8       ___acrt_stdio_free_buffer_nolock 1000c9b8 f   libucrt:_freebuf.obj
 0001:0000ba90       __commit                   1000ca90 f   libucrt:commit.obj
 0001:0000c294       __write                    1000d294 f   libucrt:write.obj
 0001:0000c37c       __write_nolock             1000d37c f   libucrt:write.obj
 0001:0000c560       __isleadbyte_l             1000d560 f i libucrt:_wctype.obj
 0001:0000c788       ___acrt_LCMapStringA       1000d788 f   libucrt:lcmapstringa.obj
 0001:0000c7d3       __freea_crt                1000d7d3 f i libucrt:lcmapstringa.obj
 0001:0000c7f3       ___acrt_add_locale_ref     1000d7f3 f   libucrt:locale_refcounting.obj
 0001:0000c870       ___acrt_free_locale        1000d870 f   libucrt:locale_refcounting.obj
 0001:0000c9ba       ___acrt_locale_add_lc_time_reference 1000d9ba f   libucrt:locale_refcounting.obj
 0001:0000c9e3       ___acrt_locale_free_lc_time_if_unreferenced 1000d9e3 f   libucrt:locale_refcounting.obj
 0001:0000ca14       ___acrt_locale_release_lc_time_reference 1000da14 f   libucrt:locale_refcounting.obj
 0001:0000ca3d       ___acrt_release_locale_ref 1000da3d f   libucrt:locale_refcounting.obj
 0001:0000cabe       ___acrt_update_thread_locale_data 1000dabe f   libucrt:locale_refcounting.obj
 0001:0000cb35       __updatetlocinfoEx_nolock  1000db35 f   libucrt:locale_refcounting.obj
 0001:0000cb85       ___acrt_locale_free_monetary 1000db85 f   libucrt:initmon.obj
 0001:0000cc83       ___acrt_locale_free_numeric 1000dc83 f   libucrt:initnum.obj
 0001:0000cd24       ___acrt_locale_free_time   1000dd24 f   libucrt:inittime.obj
 0001:0000ce08       ___acrt_GetStringTypeA     1000de08 f   libucrt:getstringtypea.obj
 0001:0000cf0d       __query_new_mode           1000df0d f   libucrt:new_mode.obj
 0001:0000cf60       _qsort                     1000df60 f   libucrt:qsort.obj
 0001:0000d457       _strncpy_s                 1000e457 f   libucrt:strncpy_s.obj
 0001:0000d470       _strpbrk                   1000e470 f   libucrt:strpbrk.obj
 0001:0000d4b0       __mbsdec                   1000e4b0 f   libucrt:mbsdec.obj
 0001:0000d4c7       __mbsdec_l                 1000e4c7 f   libucrt:mbsdec.obj
 0001:0000d565       __msize_base               1000e565 f   libucrt:msize.obj
 0001:0000d598       __realloc_base             1000e598 f   libucrt:realloc_base.obj
 0001:0000d601       ___acrt_lowio_create_handle_array 1000e601 f   libucrt:osfinfo.obj
 0001:0000d67e       ___acrt_lowio_destroy_handle_array 1000e67e f   libucrt:osfinfo.obj
 0001:0000d6b3       ___acrt_lowio_ensure_fh_exists 1000e6b3 f   libucrt:osfinfo.obj
 0001:0000d747       ___acrt_lowio_lock_fh      1000e747 f   libucrt:osfinfo.obj
 0001:0000d76a       ___acrt_lowio_unlock_fh    1000e76a f   libucrt:osfinfo.obj
 0001:0000d78d       __free_osfhnd              1000e78d f   libucrt:osfinfo.obj
 0001:0000d81e       __get_osfhandle            1000e81e f   libucrt:osfinfo.obj
 0001:0000d93c       ___acrt_DownlevelLocaleNameToLCID 1000e93c f   libucrt:lcidtoname_downlevel.obj
 0001:0000d968       __isatty                   1000e968 f   libucrt:isatty.obj
 0001:0000d9ea       ?__mbrtowc_utf8@__crt_mbstring@@YAIPA_WPBDIPAU_Mbstatet@@@Z 1000e9ea f   libucrt:mbrtowc.obj
 0001:0000da2c       ?__mbsrtowcs_utf8@__crt_mbstring@@YAIPA_WPAPBDIPAU_Mbstatet@@@Z 1000ea2c f   libucrt:mbrtowc.obj
 0001:0000db29       ?__c32rtomb_utf8@__crt_mbstring@@YAIPAD_UPAU_Mbstatet@@@Z 1000eb29 f   libucrt:c32rtomb.obj
 0001:0000dbd8       ?return_illegal_sequence@__crt_mbstring@@YAIPAU_Mbstatet@@@Z 1000ebd8 f i libucrt:c32rtomb.obj
 0001:0000dbf7       ___acrt_fp_strflt_to_string 1000ebf7 f   libucrt:_fptostr.obj
 0001:0000dcc0       ?divide@__crt_strtox@@YA_KAAUbig_integer@1@ABU21@@Z 1000ecc0 f i libucrt:cfout.obj
 0001:0000e158       ___acrt_fltout             1000f158 f   libucrt:cfout.obj
 0001:0000f903       ___acrt_stdio_flush_and_write_narrow_nolock 10010903 f   libucrt:_flsbuf.obj
 0001:0000f90e       ___acrt_stdio_flush_and_write_wide_nolock 1001090e f   libucrt:_flsbuf.obj
 0001:0000f919       ___acrt_GetStringTypeW     10010919 f   libucrt:getstringtypew.obj
 0001:0000f932       __fclose_nolock            10010932 f   libucrt:fclose.obj
 0001:0000f9a9       _fclose                    100109a9 f   libucrt:fclose.obj
 0001:0000fba3       __lseeki64                 10010ba3 f   libucrt:lseek.obj
 0001:0000fbbe       __lseeki64_nolock          10010bbe f   libucrt:lseek.obj
 0001:0000fbd9       __putwch_nolock            10010bd9 f   libucrt:putwch.obj
 0001:0000fc0d       ___strncnt                 10010c0d f   libucrt:strncnt.obj
 0001:0000fc29       ?__mbrtoc32_utf8@__crt_mbstring@@YAIPA_UPBDIPAU_Mbstatet@@@Z 10010c29 f   libucrt:mbrtoc32.obj
 0001:0000fddd       _fegetenv                  10010ddd f   libucrt:fegetenv.obj
 0001:0000fdfa       _fesetenv                  10010dfa f   libucrt:fesetenv.obj
 0001:0000fe47       _feholdexcept              10010e47 f   libucrt:feholdexcept.obj
 0001:0000fea0       __CIlog10                  10010ea0 f   libucrt:log10_impl.obj
 0001:0000fedb       __CIlog10_default          10010edb f   libucrt:log10_impl.obj
 0001:0000feef       __log10_default            10010eef     libucrt:log10_impl.obj
 0001:0000ffb0       _ceil                      10010fb0 f   libucrt:ceil_pentium4.obj
 0001:0000fff0       __ceil_pentium4            10010ff0 f   libucrt:ceil_pentium4.obj
 0001:000100cd       ___acrt_stdio_allocate_buffer_nolock 100110cd f   libucrt:_getbuf.obj
 0001:000101a8       __close                    100111a8 f   libucrt:close.obj
 0001:00010237       __close_nolock             10011237 f   libucrt:close.obj
 0001:000102d3       ?__acrt_stdio_free_stream@@YAXV__crt_stdio_stream@@@Z 100112d3 f   libucrt:stream.obj
 0001:0001032d       ___dcrt_lowio_ensure_console_output_initialized 1001132d f   libucrt:initcon.obj
 0001:0001034c       ___dcrt_terminate_console_output 1001134c f   libucrt:initcon.obj
 0001:00010363       ___dcrt_write_console      10011363 f   libucrt:initcon.obj
 0001:000103c0       ___ascii_strnicmp          100113c0 f   libucrt:_strnicm.obj
 0001:00010732       ___acrt_fenv_get_control   10011732 f   libucrt:_fenvutils.obj
 0001:000107b4       ___acrt_fenv_get_status    100117b4 f   libucrt:_fenvutils.obj
 0001:0001086e       ___acrt_fenv_set_control   1001186e f   libucrt:_fenvutils.obj
 0001:000108d8       ___acrt_fenv_set_status    100118d8 f   libucrt:_fenvutils.obj
 0001:000109d1       __clearfp                  100119d1 f   libucrt:ieee87.obj
 0001:00010ab1       ___acrt_initialize_sse2    10011ab1 f   libucrt:mathfcns.obj
 0001:00010ad0       __CIlog10_pentium4         10011ad0 f   libucrt:log10_pentium4.obj
 0001:00010ae8       __log10_pentium4           10011ae8     libucrt:log10_pentium4.obj
 0001:00010d80       __fFEXP                    10011d80 f   libucrt:87tran.obj
 0001:00010dd7       __rtinfpopse               10011dd7     libucrt:87tran.obj
 0001:00010dd9       __rtinfnpopse              10011dd9     libucrt:87tran.obj
 0001:00010de9       __fFLN                     10011de9     libucrt:87tran.obj
 0001:00010e9e       __rtinfpop                 10011e9e     libucrt:87tran.obj
 0001:00010ea0       __rtinfnpop                10011ea0     libucrt:87tran.obj
 0001:00010eb0       __rtforexpinf              10011eb0 f   libucrt:87tran.obj
 0001:00010ebd       __ffexpm1                  10011ebd     libucrt:87tran.obj
 0001:00010f70       __trandisp1                10011f70 f   libucrt:87disp.obj
 0001:00010fe5       __trandisp2                10011fe5 f   libucrt:87disp.obj
 0001:0001107f       __rttospopde               1001207f     libucrt:87disp.obj
 0001:00011084       __rttospop                 10012084     libucrt:87disp.obj
 0001:00011090       __rtnospop                 10012090 f   libucrt:87disp.obj
 0001:000110a0       __rttosnpop                100120a0 f   libucrt:87disp.obj
 0001:000110a1       __rtnospopde               100120a1     libucrt:87disp.obj
 0001:000110a8       __rtzeropop                100120a8     libucrt:87disp.obj
 0001:000110aa       __rtzeronpop               100120aa     libucrt:87disp.obj
 0001:000110b0       __rtzerospop               100120b0 f   libucrt:87disp.obj
 0001:000110bd       __rtonepop                 100120bd     libucrt:87disp.obj
 0001:000110c0       __rtonenpop                100120c0 f   libucrt:87disp.obj
 0001:000110d0       __tosnan1                  100120d0 f   libucrt:87disp.obj
 0001:00011100       __nosnan2                  10012100 f   libucrt:87disp.obj
 0001:00011110       __tosnan2                  10012110 f   libucrt:87disp.obj
 0001:00011140       __nan2                     10012140 f   libucrt:87disp.obj
 0001:00011180       __rtindfpop                10012180 f   libucrt:87disp.obj
 0001:00011182       __rtindfnpop               10012182     libucrt:87disp.obj
 0001:00011193       __rttosnpopde              10012193     libucrt:87disp.obj
 0001:000111a0       __rtatan2inf               100121a0 f   libucrt:87disp.obj
 0001:000111bd       __rtchsifneg               100121bd     libucrt:87disp.obj
 0001:000111d0       __twoToTOS                 100121d0 f   libucrt:common.obj
 0001:000111e5       __load_CW                  100121e5 f   libucrt:common.obj
 0001:000111fc       __convertTOStoQNaN         100121fc f   libucrt:common.obj
 0001:00011215       __fload_withFB             10012215 f   libucrt:common.obj
 0001:00011258       __checkTOS_withFB          10012258 f   libucrt:common.obj
 0001:0001126e       __fast_exit                1001226e f   libucrt:common.obj
 0001:0001127b       __math_exit                1001227b f   libucrt:common.obj
 0001:000112a5       __check_overflow_exit      100122a5 f   libucrt:common.obj
 0001:000112b9       __check_range_exit         100122b9 f   libucrt:common.obj
 0001:00011360       __startTwoArgErrorHandling 10012360 f   libucrt:genexcep.obj
 0001:00011377       __startOneArgErrorHandling 10012377 f   libucrt:genexcep.obj
 0001:000113b3       ___libm_error_support      100123b3 f   libucrt:libm_error.obj
 0001:000115a9       __ceil_default             100125a9 f   libucrt:ceil.obj
 0001:00011660       __clrfp                    10012660 f   libucrt:fpctrl.obj
 0001:00011673       __ctrlfp                   10012673 f   libucrt:fpctrl.obj
 0001:0001169f       __set_statfp               1001269f f   libucrt:fpctrl.obj
 0001:000116fa       __statfp                   100126fa f   libucrt:fpctrl.obj
 0001:0001170c       __d_inttype                1001270c f   libucrt:powhlp.obj
 0001:00011776       __powhlp                   10012776 f   libucrt:powhlp.obj
 0001:000118a1       __87except                 100128a1 f   libucrt:87except.obj
 0001:000119ab       __frnd                     100129ab f   libucrt:frnd.obj
 0001:000119c1       __errcode                  100129c1 f   libucrt:fpexcept.obj
 0001:000119f5       __except1                  100129f5 f   libucrt:fpexcept.obj
 0001:00011ac3       __handle_exc               10012ac3 f   libucrt:fpexcept.obj
 0001:00011cb0       __raise_exc                10012cb0 f   libucrt:fpexcept.obj
 0001:00011cd3       __raise_exc_ex             10012cd3 f   libucrt:fpexcept.obj
 0001:00011fc9       __set_errno_from_matherr   10012fc9 f   libucrt:fpexcept.obj
 0001:00011ff8       __umatherr                 10012ff8 f   libucrt:fpexcept.obj
 0001:0001209a       __decomp                   1001309a f   libucrt:util.obj
 0001:00012178       __set_exp                  10013178 f   libucrt:util.obj
 0001:000121a7       __sptype                   100131a7 f   libucrt:util.obj
 0001:00012205       __fpclass                  10013205 f   libucrt:ieeemisc.obj
 0001:000122a9       _IsProcessorFeaturePresent@4 100132a9 f   kernel32:KERNEL32.dll
 0001:000122af       ?DloadAcquireSectionWriteAccess@@YGXXZ 100132af f i DelayImp:delayhlp.obj
 0001:000122e2       ?DloadGetSRWLockFunctionPointers@@YGEXZ 100132e2 f i DelayImp:delayhlp.obj
 0001:00012355       ?DloadLock@@YGXXZ          10013355 f i DelayImp:delayhlp.obj
 0001:00012394       ?DloadMakePermanentImageCommit@@YGXPAXK@Z 10013394 f i DelayImp:delayhlp.obj
 0001:00012403       ?DloadObtainSection@@YGPAXPAK0@Z 10013403 f i DelayImp:delayhlp.obj
 0001:0001247e       ?DloadProtectSection@@YGXKPAK@Z 1001347e f i DelayImp:delayhlp.obj
 0001:000124ec       ?DloadReleaseSectionWriteAccess@@YGXXZ 100134ec f i DelayImp:delayhlp.obj
 0001:00012522       ?DloadUnlock@@YGXXZ        10013522 f i DelayImp:delayhlp.obj
 0001:0001254e       ___delayLoadHelper2@8      1001354e f   DelayImp:delayhlp.obj
 0001:000127c0       __FindPESection            100137c0 f   LIBCMT:pesect.obj
 0001:00012810       __IsNonwritableInCurrentImage 10013810 f   LIBCMT:pesect.obj
 0001:000128d0       __ValidateImageBase        100138d0 f   LIBCMT:pesect.obj
 0001:00012910       __aulldvrm                 10013910 f   LIBCMT:ulldvrm.obj
 0001:000129b0       __allmul                   100139b0 f   LIBCMT:llmul.obj
 0001:000129f0       __alldvrm                  100139f0 f   LIBCMT:lldvrm.obj
 0001:00012ad0       __aullshr                  10013ad0 f   LIBCMT:ullshr.obj
 0001:00012af0       __alloca_probe_16          10013af0 f   LIBCMT:alloca16.obj
 0001:00012b06       __alloca_probe_8           10013b06     LIBCMT:alloca16.obj
 0001:00012b20       __alloca_probe             10013b20 f   LIBCMT:chkstk.obj
 0001:00012b20       __chkstk                   10013b20 f   LIBCMT:chkstk.obj
 0001:00012b50       __allshl                   10013b50 f   LIBCMT:llshl.obj
 0001:00012b70       __ftol2_sse                10013b70 f   LIBCMT:ftol2.obj
 0001:00012b79       __ftol2_pentium4           10013b79 f   LIBCMT:ftol2.obj
 0001:00012b8c       __ftol2_sse_excpt          10013b8c f   LIBCMT:ftol2.obj
 0001:00012bb0       __ftol2                    10013bb0 f   LIBCMT:ftol2.obj
 0001:00012c30       _strchr                    10013c30 f   libvcruntime:strchr.obj
 0001:00012c9e       ___from_strstr_to_strchr   10013c9e     libvcruntime:strchr.obj
 0001:00012d60       _strrchr                   10013d60 f   libvcruntime:strrchr.obj
 0002:00000000       __imp__GetModuleHandleA@4  10014000     kernel32:KERNEL32.dll
 0002:00000004       __imp__VirtualQuery@12     10014004     kernel32:KERNEL32.dll
 0002:00000008       __imp__VirtualProtect@16   10014008     kernel32:KERNEL32.dll
 0002:0000000c       __imp__GetSystemInfo@4     1001400c     kernel32:KERNEL32.dll
 0002:00000010       __imp__DecodePointer@4     10014010     kernel32:KERNEL32.dll
 0002:00000014       __imp__CreateFileW@28      10014014     kernel32:KERNEL32.dll
 0002:00000018       __imp__CloseHandle@4       10014018     kernel32:KERNEL32.dll
 0002:0000001c       __imp__SetFilePointerEx@20 1001401c     kernel32:KERNEL32.dll
 0002:00000020       __imp__UnhandledExceptionFilter@4 10014020     kernel32:KERNEL32.dll
 0002:00000024       __imp__SetUnhandledExceptionFilter@4 10014024     kernel32:KERNEL32.dll
 0002:00000028       __imp__GetCurrentProcess@0 10014028     kernel32:KERNEL32.dll
 0002:0000002c       __imp__TerminateProcess@8  1001402c     kernel32:KERNEL32.dll
 0002:00000030       __imp__IsProcessorFeaturePresent@4 10014030     kernel32:KERNEL32.dll
 0002:00000034       __imp__IsDebuggerPresent@0 10014034     kernel32:KERNEL32.dll
 0002:00000038       __imp__GetStartupInfoW@4   10014038     kernel32:KERNEL32.dll
 0002:0000003c       __imp__GetModuleHandleW@4  1001403c     kernel32:KERNEL32.dll
 0002:00000040       __imp__QueryPerformanceCounter@4 10014040     kernel32:KERNEL32.dll
 0002:00000044       __imp__GetCurrentProcessId@0 10014044     kernel32:KERNEL32.dll
 0002:00000048       __imp__GetCurrentThreadId@0 10014048     kernel32:KERNEL32.dll
 0002:0000004c       __imp__GetSystemTimeAsFileTime@4 1001404c     kernel32:KERNEL32.dll
 0002:00000050       __imp__InitializeSListHead@4 10014050     kernel32:KERNEL32.dll
 0002:00000054       __imp__RaiseException@16   10014054     kernel32:KERNEL32.dll
 0002:00000058       __imp__InterlockedFlushSList@4 10014058     kernel32:KERNEL32.dll
 0002:0000005c       __imp__GetLastError@0      1001405c     kernel32:KERNEL32.dll
 0002:00000060       __imp__SetLastError@4      10014060     kernel32:KERNEL32.dll
 0002:00000064       __imp__EnterCriticalSection@4 10014064     kernel32:KERNEL32.dll
 0002:00000068       __imp__LeaveCriticalSection@4 10014068     kernel32:KERNEL32.dll
 0002:0000006c       __imp__DeleteCriticalSection@4 1001406c     kernel32:KERNEL32.dll
 0002:00000070       __imp__InitializeCriticalSectionAndSpinCount@8 10014070     kernel32:KERNEL32.dll
 0002:00000074       __imp__TlsAlloc@0          10014074     kernel32:KERNEL32.dll
 0002:00000078       __imp__TlsGetValue@4       10014078     kernel32:KERNEL32.dll
 0002:0000007c       __imp__TlsSetValue@8       1001407c     kernel32:KERNEL32.dll
 0002:00000080       __imp__TlsFree@4           10014080     kernel32:KERNEL32.dll
 0002:00000084       __imp__FreeLibrary@4       10014084     kernel32:KERNEL32.dll
 0002:00000088       __imp__GetProcAddress@8    10014088     kernel32:KERNEL32.dll
 0002:0000008c       __imp__LoadLibraryExW@12   1001408c     kernel32:KERNEL32.dll
 0002:00000090       __imp__RtlUnwind@16        10014090     kernel32:KERNEL32.dll
 0002:00000094       __imp__GetStdHandle@4      10014094     kernel32:KERNEL32.dll
 0002:00000098       __imp__GetFileType@4       10014098     kernel32:KERNEL32.dll
 0002:0000009c       __imp__GetModuleFileNameW@12 1001409c     kernel32:KERNEL32.dll
 0002:000000a0       __imp__GetModuleHandleExW@12 100140a0     kernel32:KERNEL32.dll
 0002:000000a4       __imp__WriteConsoleW@20    100140a4     kernel32:KERNEL32.dll
 0002:000000a8       __imp__ExitProcess@4       100140a8     kernel32:KERNEL32.dll
 0002:000000ac       __imp__WriteFile@20        100140ac     kernel32:KERNEL32.dll
 0002:000000b0       __imp__OutputDebugStringW@4 100140b0     kernel32:KERNEL32.dll
 0002:000000b4       __imp__HeapAlloc@12        100140b4     kernel32:KERNEL32.dll
 0002:000000b8       __imp__HeapFree@12         100140b8     kernel32:KERNEL32.dll
 0002:000000bc       __imp__FindClose@4         100140bc     kernel32:KERNEL32.dll
 0002:000000c0       __imp__FindFirstFileExW@24 100140c0     kernel32:KERNEL32.dll
 0002:000000c4       __imp__FindNextFileW@8     100140c4     kernel32:KERNEL32.dll
 0002:000000c8       __imp__IsValidCodePage@4   100140c8     kernel32:KERNEL32.dll
 0002:000000cc       __imp__GetACP@0            100140cc     kernel32:KERNEL32.dll
 0002:000000d0       __imp__GetOEMCP@0          100140d0     kernel32:KERNEL32.dll
 0002:000000d4       __imp__GetCPInfo@8         100140d4     kernel32:KERNEL32.dll
 0002:000000d8       __imp__GetCommandLineA@0   100140d8     kernel32:KERNEL32.dll
 0002:000000dc       __imp__GetCommandLineW@0   100140dc     kernel32:KERNEL32.dll
 0002:000000e0       __imp__MultiByteToWideChar@24 100140e0     kernel32:KERNEL32.dll
 0002:000000e4       __imp__WideCharToMultiByte@32 100140e4     kernel32:KERNEL32.dll
 0002:000000e8       __imp__GetEnvironmentStringsW@0 100140e8     kernel32:KERNEL32.dll
 0002:000000ec       __imp__FreeEnvironmentStringsW@4 100140ec     kernel32:KERNEL32.dll
 0002:000000f0       __imp__LCMapStringW@24     100140f0     kernel32:KERNEL32.dll
 0002:000000f4       __imp__GetProcessHeap@0    100140f4     kernel32:KERNEL32.dll
 0002:000000f8       __imp__FlushFileBuffers@4  100140f8     kernel32:KERNEL32.dll
 0002:000000fc       __imp__GetConsoleCP@0      100140fc     kernel32:KERNEL32.dll
 0002:00000100       __imp__GetConsoleMode@8    10014100     kernel32:KERNEL32.dll
 0002:00000104       __imp__GetStringTypeW@16   10014104     kernel32:KERNEL32.dll
 0002:00000108       __imp__HeapSize@12         10014108     kernel32:KERNEL32.dll
 0002:0000010c       __imp__HeapReAlloc@16      1001410c     kernel32:KERNEL32.dll
 0002:00000110       __imp__SetStdHandle@8      10014110     kernel32:KERNEL32.dll
 0002:00000114       __imp__GetFileSizeEx@8     10014114     kernel32:KERNEL32.dll
 0002:00000118       __imp__LoadLibraryExA@12   10014118     kernel32:KERNEL32.dll
 0002:0000011c       \177KERNEL32_NULL_THUNK_DATA 1001411c     kernel32:KERNEL32.dll
 0002:00000120       __imp__MonitorFromRect@8   10014120     user32:USER32.dll
 0002:00000124       __imp__GetWindowRect@8     10014124     user32:USER32.dll
 0002:00000128       __imp__GetMonitorInfoA@8   10014128     user32:USER32.dll
 0002:0000012c       __imp__GetForegroundWindow@0 1001412c     user32:USER32.dll
 0002:00000130       __imp__IntersectRect@12    10014130     user32:USER32.dll
 0002:00000134       __imp__GetWindowLongA@8    10014134     user32:USER32.dll
 0002:00000138       __imp__EqualRect@8         10014138     user32:USER32.dll
 0002:0000013c       \177USER32_NULL_THUNK_DATA 1001413c     user32:USER32.dll
 0002:00000140       ___guard_check_icall_fptr  10014140     LIBCMT:guard_support.obj
 0002:00000144       ___xc_a                    10014144     LIBCMT:initializers.obj
 0002:0000014c       __register_Fullscreen_     1001414c     Fullscreen.obj
 0002:00000150       ___xc_z                    10014150     LIBCMT:initializers.obj
 0002:00000154       ___xi_a                    10014154     LIBCMT:initializers.obj
 0002:00000158       ___acrt_stdio_initializer  10014158     libucrt:stdio_initializer.obj
 0002:0000015c       ___acrt_multibyte_initializer 1001415c     libucrt:multibyte_initializer.obj
 0002:00000160       ___acrt_tran_sse2_initializer 10014160     libucrt:sse2_initializer.obj
 0002:00000164       ___xi_z                    10014164     LIBCMT:initializers.obj
 0002:00000168       ___xp_a                    10014168     LIBCMT:initializers.obj
 0002:0000016c       ___acrt_locale_terminator  1001416c     libucrt:locale_initializer.obj
 0002:00000170       ___dcrt_console_output_terminator 10014170     libucrt:console_output_initializer.obj
 0002:00000174       ___acrt_stdio_terminator   10014174     libucrt:stdio_initializer.obj
 0002:00000178       ___xp_z                    10014178     LIBCMT:initializers.obj
 0002:0000017c       ___xt_a                    1001417c     LIBCMT:initializers.obj
 0002:00000180       ___xt_z                    10014180     LIBCMT:initializers.obj
 0002:00000190       __sz_node_exe              10014190     node:node.exe
 0002:0000019c       __pRawDllMain              1001419c     LIBCMT:dll_dllmain.obj
 0002:0000019c       __pDefaultRawDllMain       1001419c     LIBCMT:dll_dllmain.obj
 0002:000001ac       ??_7exception@std@@6B@     100141ac     LIBCMT:throw_bad_alloc.obj
 0002:000001b4       ??_C@_0BC@EOODALEL@Unknown?5exception@ 100141b4     LIBCMT:throw_bad_alloc.obj
 0002:000001cc       ??_7bad_alloc@std@@6B@     100141cc     LIBCMT:throw_bad_alloc.obj
 0002:000001d4       ??_C@_0P@GHFPNOJB@bad?5allocation@ 100141d4     LIBCMT:throw_bad_alloc.obj
 0002:000001e8       ??_7bad_array_new_length@std@@6B@ 100141e8     LIBCMT:throw_bad_alloc.obj
 0002:000001f0       ??_C@_0BF@KINCDENJ@bad?5array?5new?5length@ 100141f0     LIBCMT:throw_bad_alloc.obj
 0002:0000020c       ??_7type_info@@6B@         1001420c     LIBCMT:std_type_info_static.obj
 0002:0000023c       ??_C@_1DM@KHCHBNEB@?$AAa?$AAp?$AAi?$AA?9?$AAm?$AAs?$AA?9?$AAw?$AAi?$AAn?$AA?9?$AAc?$AAo?$AAr?$AAe@ 1001423c     libvcruntime:winapi_downlevel.obj
 0002:00000278       ??_C@_1DK@LPPGFMPP@?$AAa?$AAp?$AAi?$AA?9?$AAm?$AAs?$AA?9?$AAw?$AAi?$AAn?$AA?9?$AAc?$AAo?$AAr?$AAe@ 10014278     libvcruntime:winapi_downlevel.obj
 0002:000002b4       ??_C@_1BC@GDMECMAK@?$AAk?$AAe?$AAr?$AAn?$AAe?$AAl?$AA3?$AA2@ 100142b4     libvcruntime:winapi_downlevel.obj
 0002:000002c8       ??_C@_1BA@PFFKHIOG@?$AAa?$AAp?$AAi?$AA?9?$AAm?$AAs?$AA?9@ 100142c8     libvcruntime:winapi_downlevel.obj
 0002:000002d8       ??_C@_1BA@IAIFMGEF@?$AAe?$AAx?$AAt?$AA?9?$AAm?$AAs?$AA?9@ 100142d8     libvcruntime:winapi_downlevel.obj
 0002:000002f0       ??_C@_08KNHFBNJ@FlsAlloc@  100142f0     libvcruntime:winapi_downlevel.obj
 0002:00000304       ??_C@_07PEJMOBNF@FlsFree@  10014304     libvcruntime:winapi_downlevel.obj
 0002:00000314       ??_C@_0M@GDNOONDI@FlsGetValue@ 10014314     libvcruntime:winapi_downlevel.obj
 0002:00000328       ??_C@_0M@JCPCPOEF@FlsSetValue@ 10014328     libvcruntime:winapi_downlevel.obj
 0002:0000033c       ??_C@_0BM@HCFOFFN@InitializeCriticalSectionEx@ 1001433c     libvcruntime:winapi_downlevel.obj
 0002:000004f4       ??_C@_08EHJDFFNH@__based?$CI@ 100144f4     libvcruntime:undname.obj
 0002:00000500       ??_C@_07KOLFKCDI@__cdecl@  10014500     libvcruntime:undname.obj
 0002:00000508       ??_C@_08GHMPAG@__pascal@   10014508     libvcruntime:undname.obj
 0002:00000514       ??_C@_09IFJBGAPI@__stdcall@ 10014514     libvcruntime:undname.obj
 0002:00000520       ??_C@_0L@NPHFGOKO@__thiscall@ 10014520     libvcruntime:undname.obj
 0002:0000052c       ??_C@_0L@JMKHOMEK@__fastcall@ 1001452c     libvcruntime:undname.obj
 0002:00000538       ??_C@_0N@BCKKPABJ@__vectorcall@ 10014538     libvcruntime:undname.obj
 0002:00000548       ??_C@_09HIJEGCPM@__clrcall@ 10014548     libvcruntime:undname.obj
 0002:00000554       ??_C@_06GHPCKEAG@__eabi@   10014554     libvcruntime:undname.obj
 0002:0000055c       ??_C@_09IOPIDJLG@__swift_1@ 1001455c     libvcruntime:undname.obj
 0002:00000568       ??_C@_09KFNFGKHF@__swift_2@ 10014568     libvcruntime:undname.obj
 0002:00000574       ??_C@_07JOMMBBKO@__ptr64@  10014574     libvcruntime:undname.obj
 0002:0000057c       ??_C@_0L@PILCLIHE@__restrict@ 1001457c     libvcruntime:undname.obj
 0002:00000588       ??_C@_0M@GFIIJFMG@__unaligned@ 10014588     libvcruntime:undname.obj
 0002:00000594       ??_C@_09DHDLOLLB@restrict?$CI@ 10014594     libvcruntime:undname.obj
 0002:0000059e       ??_C@_00CNPNBAHC@@         1001459e     libvcruntime:undname.obj
 0002:000005a0       ??_C@_04NIHEBCM@?5new@     100145a0     libvcruntime:undname.obj
 0002:000005a8       ??_C@_07FPCDHGMM@?5delete@ 100145a8     libvcruntime:undname.obj
 0002:000005b0       ??_C@_01NEMOKFLO@?$DN@     100145b0     libvcruntime:undname.obj
 0002:000005b4       ??_C@_02GPIOPFAK@?$DO?$DO@ 100145b4     libvcruntime:undname.obj
 0002:000005b8       ??_C@_02FODMEDOG@?$DM?$DM@ 100145b8     libvcruntime:undname.obj
 0002:000005bc       ??_C@_01DCLJPIOD@?$CB@     100145bc     libvcruntime:undname.obj
 0002:000005c0       ??_C@_02EGOFBIJA@?$DN?$DN@ 100145c0     libvcruntime:undname.obj
 0002:000005c4       ??_C@_02FDNJECIE@?$CB?$DN@ 100145c4     libvcruntime:undname.obj
 0002:000005c8       ??_C@_02GPECMEKF@?$FL?$FN@ 100145c8     libvcruntime:undname.obj
 0002:000005cc       ??_C@_08LHJFAFGD@operator@ 100145cc     libvcruntime:undname.obj
 0002:000005d8       ??_C@_02HBOOOICD@?9?$DO@   100145d8     libvcruntime:undname.obj
 0002:000005dc       ??_C@_01NBENCBCI@?$CK@     100145dc     libvcruntime:undname.obj
 0002:000005e0       ??_C@_02ECNGHCIF@?$CL?$CL@ 100145e0     libvcruntime:undname.obj
 0002:000005e4       ??_C@_02BAABKJLB@?9?9@     100145e4     libvcruntime:undname.obj
 0002:000005e8       ??_C@_01JOAMLHOP@?9@       100145e8     libvcruntime:undname.obj
 0002:000005ec       ??_C@_01MIFGBAGJ@?$CL@     100145ec     libvcruntime:undname.obj
 0002:000005f0       ??_C@_01HNPIGOCE@?$CG@     100145f0     libvcruntime:undname.obj
 0002:000005f4       ??_C@_03MNHNFDLC@?9?$DO?$CK@ 100145f4     libvcruntime:undname.obj
 0002:000005f8       ??_C@_01KMDKNFGN@?1@       100145f8     libvcruntime:undname.obj
 0002:000005fc       ??_C@_01FGNFDNOH@?$CF@     100145fc     libvcruntime:undname.obj
 0002:00000600       ??_C@_01MNNFJEPP@?$DM@     10014600     libvcruntime:undname.obj
 0002:00000604       ??_C@_02EHCHHCKH@?$DM?$DN@ 10014604     libvcruntime:undname.obj
 0002:00000608       ??_C@_01PPODPGHN@?$DO@     10014608     libvcruntime:undname.obj
 0002:0000060c       ??_C@_02EEKDKGMJ@?$DO?$DN@ 1001460c     libvcruntime:undname.obj
 0002:00000610       ??_C@_01IHBHIGKO@?0@       10014610     libvcruntime:undname.obj
 0002:00000614       ??_C@_02HCKGKOFO@?$CI?$CJ@ 10014614     libvcruntime:undname.obj
 0002:00000618       ??_C@_01PJKLJHI@?$HO@      10014618     libvcruntime:undname.obj
 0002:0000061c       ??_C@_01JKBOJNNK@?$FO@     1001461c     libvcruntime:undname.obj
 0002:00000620       ??_C@_01DNKMNLPK@?$HM@     10014620     libvcruntime:undname.obj
 0002:00000624       ??_C@_02PPKAJPJL@?$CG?$CG@ 10014624     libvcruntime:undname.obj
 0002:00000628       ??_C@_02NONPIBCD@?$HM?$HM@ 10014628     libvcruntime:undname.obj
 0002:0000062c       ??_C@_02FPIMKNGF@?$CK?$DN@ 1001462c     libvcruntime:undname.obj
 0002:00000630       ??_C@_02FOEOMHFC@?$CL?$DN@ 10014630     libvcruntime:undname.obj
 0002:00000634       ??_C@_02FKMDLLOA@?9?$DN@   10014634     libvcruntime:undname.obj
 0002:00000638       ??_C@_02FJEHGPIO@?1?$DN@   10014638     libvcruntime:undname.obj
 0002:0000063c       ??_C@_02FENAOKFI@?$CF?$DN@ 1001463c     libvcruntime:undname.obj
 0002:00000640       ??_C@_03IKFCCPFF@?$DO?$DO?$DN@ 10014640     libvcruntime:undname.obj
 0002:00000644       ??_C@_03CDNPDDLA@?$DM?$DM?$DN@ 10014644     libvcruntime:undname.obj
 0002:00000648       ??_C@_02FGJGFEAB@?$CG?$DN@ 10014648     libvcruntime:undname.obj
 0002:0000064c       ??_C@_02DHLNPPGH@?$HM?$DN@ 1001464c     libvcruntime:undname.obj
 0002:00000650       ??_C@_02MHEGNOJ@?$FO?$DN@  10014650     libvcruntime:undname.obj
 0002:00000654       ??_C@_09IFPLHPGF@?$GAvftable?8@ 10014654     libvcruntime:undname.obj
 0002:00000660       ??_C@_09BLBHBJP@?$GAvbtable?8@ 10014660     libvcruntime:undname.obj
 0002:0000066c       ??_C@_07FEEIOKP@?$GAvcall?8@ 1001466c     libvcruntime:undname.obj
 0002:00000674       ??_C@_08LLFFHHDJ@?$GAtypeof?8@ 10014674     libvcruntime:undname.obj
 0002:00000680       ??_C@_0BF@KDPPACIK@?$GAlocal?5static?5guard?8@ 10014680     libvcruntime:undname.obj
 0002:00000698       ??_C@_08OBABFOLI@?$GAstring?8@ 10014698     libvcruntime:undname.obj
 0002:000006a4       ??_C@_0BD@JDLKDPAB@?$GAvbase?5destructor?8@ 100146a4     libvcruntime:undname.obj
 0002:000006b8       ??_C@_0BN@DEGPLNFK@?$GAvector?5deleting?5destructor?8@ 100146b8     libvcruntime:undname.obj
 0002:000006d8       ??_C@_0BO@OBMKPJIG@?$GAdefault?5constructor?5closure?8@ 100146d8     libvcruntime:undname.obj
 0002:000006f8       ??_C@_0BN@IMDCHIKM@?$GAscalar?5deleting?5destructor?8@ 100146f8     libvcruntime:undname.obj
[...]
 0002:00001b44       ?candidate_modules@?1??try_get_FlsSetValue@@YAP6GHKPAX@ZXZ@4QBW4module_id@?A0x391cf84c@@B 10015b44     libucrt:winapi_thunks.obj
 0002:00001b58       ?candidate_modules@?1??try_get_GetActiveWindow@@YAP6GPAUHWND__@@XZXZ@4QBW4module_id@?A0x391cf84c@@B 10015b58     libucrt:winapi_thunks.obj
 0002:00001b70       ?candidate_modules@?1??try_get_GetLastActivePopup@@YAP6GPAUHWND__@@PAU2@@ZXZ@4QBW4module_id@?A0x391cf84c@@B 10015b70     libucrt:winapi_thunks.obj
 0002:00001b8c       ?candidate_modules@?1??try_get_GetProcessWindowStation@@YAP6GPAUHWINSTA__@@XZXZ@4QBW4module_id@?A0x391cf84c@@B 10015b8c     libucrt:winapi_thunks.obj
 0002:00001bac       ?candidate_modules@?1??try_get_GetUserObjectInformationW@@YAP6GHPAXH0KPAK@ZXZ@4QBW4module_id@?A0x391cf84c@@B 10015bac     libucrt:winapi_thunks.obj
 0002:00001bd0       ?candidate_modules@?1??try_get_InitializeCriticalSectionEx@@YAP6GHPAU_RTL_CRITICAL_SECTION@@KK@ZXZ@4QBW4module_id@?A0x391cf84c@@B 10015bd0     libucrt:winapi_thunks.obj
 0002:00001bf4       ?candidate_modules@?1??try_get_LCMapStringEx@@YAP6GHPB_WK0HPA_WHPAU_nlsversioninfo@@PAXJ@ZXZ@4QBW4module_id@?A0x391cf84c@@B 10015bf4     libucrt:winapi_thunks.obj
 0002:00001c0c       ?candidate_modules@?1??try_get_LocaleNameToLCID@@YAP6GKPB_WK@ZXZ@4QBW4module_id@?A0x391cf84c@@B 10015c0c     libucrt:winapi_thunks.obj
 0002:00001c28       ?candidate_modules@?1??try_get_MessageBoxA@@YAP6GHPAUHWND__@@PBD1I@ZXZ@4QBW4module_id@?A0x391cf84c@@B 10015c28     libucrt:winapi_thunks.obj
 0002:00001c3c       ?candidate_modules@?1??try_get_MessageBoxW@@YAP6GHPAUHWND__@@PB_W1I@ZXZ@4QBW4module_id@?A0x391cf84c@@B 10015c3c     libucrt:winapi_thunks.obj
 0002:00001c50       ?candidate_modules@?1??try_get_AppPolicyGetProcessTerminationMethod@@YAP6GJPAXPAW4AppPolicyProcessTerminationMethod@@@ZXZ@4QBW4module_id@?A0x391cf84c@@B 10015c50     libucrt:winapi_thunks.obj
 0002:00001c7c       ?candidate_modules@?1??try_get_AppPolicyGetShowDeveloperDiagnostic@@YAP6GJPAXPAW4AppPolicyShowDeveloperDiagnostic@@@ZXZ@4QBW4module_id@?A0x391cf84c@@B 10015c7c     libucrt:winapi_thunks.obj
 0002:00001ca4       ?candidate_modules@?1??try_get_AppPolicyGetWindowingModel@@YAP6GJPAXPAW4AppPolicyWindowingModel@@@ZXZ@4QBW4module_id@?A0x391cf84c@@B 10015ca4     libucrt:winapi_thunks.obj
 0002:00002520       ?LcidToLocaleNameTable@?A0x881e4c05@@3QBULcidToLocaleName@1@B 10016520     libucrt:lcidtoname_downlevel.obj
 0002:00003640       ?LocaleNameToIndexTable@?A0x881e4c05@@3QBULocaleNameIndex@1@B 10017640     libucrt:lcidtoname_downlevel.obj
 0002:00004f80       LOG_name                   10018f80     libucrt:log10_impl.obj
 0002:00004f90       _One                       10018f90     libucrt:ceil_pentium4.obj
 0002:00004fa0       _Bns                       10018fa0     libucrt:ceil_pentium4.obj
 0002:00004fb0       _Zero                      10018fb0     libucrt:ceil_pentium4.obj
 0002:00004fc0       _S                         10018fc0     libucrt:ceil_pentium4.obj
 0002:00004fd0       _NegZero                   10018fd0     libucrt:ceil_pentium4.obj
 0002:00004ff0       emask                      10018ff0     libucrt:log10_pentium4.obj
 0002:00005000       CC                         10019000     libucrt:log10_pentium4.obj
 0002:00005010       Magic                      10019010     libucrt:log10_pentium4.obj
 0002:00005020       hi_mask                    10019020     libucrt:log10_pentium4.obj
 0002:00005030       LOG10_2                    10019030     libucrt:log10_pentium4.obj
 0002:00005040       place_L                    10019040     libucrt:log10_pentium4.obj
 0002:00005060       One                        10019060     libucrt:log10_pentium4.obj
 0002:00005070       Zero                       10019070     libucrt:log10_pentium4.obj
 0002:00005080       Two52                      10019080     libucrt:log10_pentium4.obj
 0002:00005090       Infs                       10019090     libucrt:log10_pentium4.obj
 0002:000050a0       NaN                        100190a0     libucrt:log10_pentium4.obj
 0002:000050b0       coeff                      100190b0     libucrt:log10_pentium4.obj
 0002:0000510e       _log2max                   1001910e     libucrt:87tran.obj
 0002:00005118       _smallarg                  10019118     libucrt:87tran.obj
 0002:00005122       _half                      10019122     libucrt:87tran.obj
 0002:0000516e       One                        1001916e     libucrt:87disp.obj
 0002:00005176       Three                      10019176     libucrt:87disp.obj
 0002:0000517e       XAMtoTagTab                1001917e     libucrt:87disp.obj
 0002:00005190       One                        10019190     libucrt:common.obj
 0002:000051a4       DblMax                     100191a4     libucrt:common.obj
 0002:000051ac       DblMin                     100191ac     libucrt:common.obj
 0002:000051b4       IeeeAdjO                   100191b4     libucrt:common.obj
 0002:000051bc       IeeeAdjU                   100191bc     libucrt:common.obj
 0002:000051c4       _infinity                  100191c4     libucrt:common.obj
 0002:000051cc       _zero                      100191cc     libucrt:common.obj
 0002:00005208       _over                      10019208     libucrt:fpctrl.obj
 0002:00005214       _under                     10019214     libucrt:fpctrl.obj
 0002:00005a48       ?_names@?1??_get_fname@@9@9 10019a48     libucrt:fpexcept.obj
 0002:00006428       __sehtable$___scrt_is_nonwritable_in_current_image 1001a428     LIBCMT:utility.obj
 0002:00006448       __sehtable$?dllmain_crt_process_attach@@YAHQAUHINSTANCE__@@QAX@Z 1001a448     LIBCMT:dll_dllmain.obj
 0002:00006468       __sehtable$?dllmain_crt_process_detach@@YAH_N@Z 1001a468     LIBCMT:dll_dllmain.obj
 0002:00006488       __sehtable$?dllmain_dispatch@@YAHQAUHINSTANCE__@@KQAX@Z 1001a488     LIBCMT:dll_dllmain.obj
 0002:00006538       __sehtable$___DestructExceptionObject 1001a538     libvcruntime:ehhelpers.obj
 0002:00006558       __sehtable$__query_new_handler 1001a558     libucrt:new_handler.obj
 0002:00006578       __sehtable$??R<lambda_6e4b09c48022b2350581041d5f6b0c4c>@@QBE@XZ 1001a578     libucrt:exit.obj
 0002:00006598       __sehtable$??$?RV<lambda_03b1d95aef87969028cfba75ccab2455>@@AAV<lambda_6e4b09c48022b2350581041d5f6b0c4c>@@V<lambda_22bdf7517842c4b3e53723af5aa32b9e>@@@?$__crt_seh_guarded_call@X@@QAEX$$QAV<lambda_03b1d95aef87969028cfba75ccab2455>@@AAV<lambda_6e4b09c48022b2350581041d5f6b0c4c>@@$$QAV<lambda_22bdf7517842c4b3e53723af5aa32b9e>@@@Z 1001a598     libucrt:exit.obj
 0002:000065b8       __sehtable$??$?RV<lambda_8e746cf0007f6ed984d6f78af1fec997>@@AAV<lambda_22ebabd17bc4fa466a2aca6d8deb888d>@@V<lambda_18ed0c0b38a6dc0daf1e7ac6d6adf05e>@@@?$__crt_seh_guarded_call@H@@QAEH$$QAV<lambda_8e746cf0007f6ed984d6f78af1fec997>@@AAV<lambda_22ebabd17bc4fa466a2aca6d8deb888d>@@$$QAV<lambda_18ed0c0b38a6dc0daf1e7ac6d6adf05e>@@@Z 1001a5b8     libucrt:onexit.obj
 0002:000065d8       __sehtable$??$?RV<lambda_69a2805e680e0e292e8ba93315fe43a8>@@AAV<lambda_f03950bc5685219e0bcd2087efbe011e>@@V<lambda_03fcd07e894ec930e3f35da366ca99d6>@@@?$__crt_seh_guarded_call@H@@QAEH$$QAV<lambda_69a2805e680e0e292e8ba93315fe43a8>@@AAV<lambda_f03950bc5685219e0bcd2087efbe011e>@@$$QAV<lambda_03fcd07e894ec930e3f35da366ca99d6>@@@Z 1001a5d8     libucrt:onexit.obj
 0002:000065f8       __sehtable$_terminate      1001a5f8     libucrt:terminate.obj
 0002:00006618       __sehtable$??$?RV<lambda_75d23329f2fb3d02b2e1cf5509bb1caf>@@AAV<lambda_c4f131f91cb4ec00a5b0a26aa161b8b4>@@V<lambda_114dc79c86b00c313cb0b6b3b001aaf8>@@@?$__crt_seh_guarded_call@H@@QAEH$$QAV<lambda_75d23329f2fb3d02b2e1cf5509bb1caf>@@AAV<lambda_c4f131f91cb4ec00a5b0a26aa161b8b4>@@$$QAV<lambda_114dc79c86b00c313cb0b6b3b001aaf8>@@@Z 1001a618     libucrt:output.obj
 0002:00006638       __sehtable$??$?RV<lambda_2866be3712abc81a800a822484c830d8>@@AAV<lambda_39ca0ed439415581b5b15c265174cece>@@V<lambda_2b24c74d71094a6cd0cb82e44167d71b>@@@?$__crt_seh_guarded_call@X@@QAEX$$QAV<lambda_2866be3712abc81a800a822484c830d8>@@AAV<lambda_39ca0ed439415581b5b15c265174cece>@@$$QAV<lambda_2b24c74d71094a6cd0cb82e44167d71b>@@@Z 1001a638     libucrt:fflush.obj
 0002:00006658       __sehtable$??$?RV<lambda_2cc53f568c5a2bb6f192f930a45d44ea>@@AAV<lambda_ab61a845afdef5b7c387490eaf3616ee>@@V<lambda_c2ffc0b7726aa6be21d5f0026187e748>@@@?$__crt_seh_guarded_call@X@@QAEX$$QAV<lambda_2cc53f568c5a2bb6f192f930a45d44ea>@@AAV<lambda_ab61a845afdef5b7c387490eaf3616ee>@@$$QAV<lambda_c2ffc0b7726aa6be21d5f0026187e748>@@@Z 1001a658     libucrt:fflush.obj
 0002:00006678       __sehtable$??$?RV<lambda_6d20deecaf4856105ebacbad442d1079>@@AAV<lambda_9a32fed5bf61b6b509b2d3f6003082a1>@@V<lambda_63ea2239ed67c638ddbae41947fdf875>@@@?$__crt_seh_guarded_call@H@@QAEH$$QAV<lambda_6d20deecaf4856105ebacbad442d1079>@@AAV<lambda_9a32fed5bf61b6b509b2d3f6003082a1>@@$$QAV<lambda_63ea2239ed67c638ddbae41947fdf875>@@@Z 1001a678     libucrt:fflush.obj
 0002:00006698       __sehtable$??$?RV<lambda_70c0770dcc4f6ec6272bb01dc82d3c91>@@AAV<lambda_ca71763b3c0644891230e4f79ea54fa6>@@V<lambda_ca266f0f09348b8765c113e3a39a2bc1>@@@?$__crt_seh_guarded_call@H@@QAEH$$QAV<lambda_70c0770dcc4f6ec6272bb01dc82d3c91>@@AAV<lambda_ca71763b3c0644891230e4f79ea54fa6>@@$$QAV<lambda_ca266f0f09348b8765c113e3a39a2bc1>@@@Z 1001a698     libucrt:setvbuf.obj
 0002:000066b8       __sehtable$_raise          1001a6b8     libucrt:signal.obj
 0002:000066d8       __sehtable$??$?RV<lambda_cbab9ec6f41b0180b23cc171c22676b0>@@AAV<lambda_44731a7d0e6d81c3e6aa82d741081786>@@V<lambda_4b292cb8dd18144e164572427af410ab>@@@?$__crt_seh_guarded_call@P6AXH@Z@@QAEP6AXH@Z$$QAV<lambda_cbab9ec6f41b0180b23cc171c22676b0>@@AAV<lambda_44731a7d0e6d81c3e6aa82d741081786>@@$$QAV<lambda_4b292cb8dd18144e164572427af410ab>@@@Z 1001a6d8     libucrt:signal.obj
 0002:000066f8       __sehtable$??$?RV<lambda_15ade71b0218206bbe3333a0c9b79046>@@AAV<lambda_da44e0f8b0f19ba52fefafb335991732>@@V<lambda_207f2d024fc103971653565357d6cd41>@@@?$__crt_seh_guarded_call@X@@QAEX$$QAV<lambda_15ade71b0218206bbe3333a0c9b79046>@@AAV<lambda_da44e0f8b0f19ba52fefafb335991732>@@$$QAV<lambda_207f2d024fc103971653565357d6cd41>@@@Z 1001a6f8     libucrt:per_thread_data.obj
 0002:00006718       __sehtable$??$?RV<lambda_a7e850c220f1c8d1e6efeecdedd162c6>@@AAV<lambda_46720907175c18b6c9d2717bc0d2d362>@@V<lambda_9048902d66e8d99359bc9897bbb930a8>@@@?$__crt_seh_guarded_call@X@@QAEX$$QAV<lambda_a7e850c220f1c8d1e6efeecdedd162c6>@@AAV<lambda_46720907175c18b6c9d2717bc0d2d362>@@$$QAV<lambda_9048902d66e8d99359bc9897bbb930a8>@@@Z 1001a718     libucrt:per_thread_data.obj
 0002:00006738       __sehtable$??$?RV<lambda_38edbb1296d33220d7e4dd0ed76b244a>@@AAV<lambda_5ce1d447e08cb34b2473517608e21441>@@V<lambda_fb385d3da700c9147fc39e65dd577a8c>@@@?$__crt_seh_guarded_call@X@@QAEX$$QAV<lambda_38edbb1296d33220d7e4dd0ed76b244a>@@AAV<lambda_5ce1d447e08cb34b2473517608e21441>@@$$QAV<lambda_fb385d3da700c9147fc39e65dd577a8c>@@@Z 1001a738     libucrt:per_thread_data.obj
 0002:00006758       __sehtable$??$?RV<lambda_6affb1475c98b40b75cdec977db92e3c>@@AAV<lambda_b8d4b9c228a6ecc3f80208dbb4b4a104>@@V<lambda_608742c3c92a14382c1684fc64f96c88>@@@?$__crt_seh_guarded_call@X@@QAEX$$QAV<lambda_6affb1475c98b40b75cdec977db92e3c>@@AAV<lambda_b8d4b9c228a6ecc3f80208dbb4b4a104>@@$$QAV<lambda_608742c3c92a14382c1684fc64f96c88>@@@Z 1001a758     libucrt:per_thread_data.obj
 0002:00006778       __sehtable$??$?RV<lambda_e5124f882df8998aaf41531e079ba474>@@AAV<lambda_3e16ef9562a7dcce91392c22ab16ea36>@@V<lambda_e25ca0880e6ef98be67edffd8c599615>@@@?$__crt_seh_guarded_call@X@@QAEX$$QAV<lambda_e5124f882df8998aaf41531e079ba474>@@AAV<lambda_3e16ef9562a7dcce91392c22ab16ea36>@@$$QAV<lambda_e25ca0880e6ef98be67edffd8c599615>@@@Z 1001a778     libucrt:wsetlocale.obj
 0002:00006798       __sehtable$?update_thread_multibyte_data_internal@@YAPAU__crt_multibyte_data@@QAU__acrt_ptd@@QAPAU1@@Z 1001a798     libucrt:mbctype.obj
 0002:000067b8       __sehtable$??$?RV<lambda_ceb1ee4838e85a9d631eb091e2fbe199>@@AAV<lambda_ae742caa10f662c28703da3d2ea5e57e>@@V<lambda_cd08b5d6af4937fe54fc07d0c9bf6b37>@@@?$__crt_seh_guarded_call@X@@QAEX$$QAV<lambda_ceb1ee4838e85a9d631eb091e2fbe199>@@AAV<lambda_ae742caa10f662c28703da3d2ea5e57e>@@$$QAV<lambda_cd08b5d6af4937fe54fc07d0c9bf6b37>@@@Z 1001a7b8     libucrt:mbctype.obj
 0002:000067d8       __sehtable$___acrt_initialize_lowio 1001a7d8     libucrt:ioinit.obj
 0002:000067f8       __sehtable$__fcloseall     1001a7f8     libucrt:closeall.obj
 0002:00006818       __sehtable$??$?RV<lambda_9e9de3de5fa147e2223d7db92bc10aa6>@@AAV<lambda_38ce7e780aa69e748d6df282ebc68efe>@@V<lambda_8ca6da459f0f6780f1cff60fdc3d00e5>@@@?$__crt_seh_guarded_call@H@@QAEH$$QAV<lambda_9e9de3de5fa147e2223d7db92bc10aa6>@@AAV<lambda_38ce7e780aa69e748d6df282ebc68efe>@@$$QAV<lambda_8ca6da459f0f6780f1cff60fdc3d00e5>@@@Z 1001a818     libucrt:commit.obj
 0002:00006838       __sehtable$__write         1001a838     libucrt:write.obj
 0002:00006858       __sehtable$___acrt_update_thread_locale_data 1001a858     libucrt:locale_refcounting.obj
 0002:00006878       __sehtable$___acrt_lowio_ensure_fh_exists 1001a878     libucrt:osfinfo.obj
 0002:00006898       __sehtable$_fclose         1001a898     libucrt:fclose.obj
 0002:000068b8       __sehtable$??$common_lseek@_J@@YA_JH_JH@Z 1001a8b8     libucrt:lseek.obj
 0002:000068d8       __sehtable$??$?RV<lambda_218ce3db14220d0be481dae8ef3383b6>@@AAV<lambda_628dfdc04ba53c8bfc02c9951375f3f5>@@V<lambda_57dc472bd5c9d5f3b2cbca59b8a843ae>@@@?$__crt_seh_guarded_call@H@@QAEH$$QAV<lambda_218ce3db14220d0be481dae8ef3383b6>@@AAV<lambda_628dfdc04ba53c8bfc02c9951375f3f5>@@$$QAV<lambda_57dc472bd5c9d5f3b2cbca59b8a843ae>@@@Z 1001a8d8     libucrt:close.obj
 0002:000068f8       __sehtable$__IsNonwritableInCurrentImage 1001a8f8     LIBCMT:pesect.obj
 0002:00007250       .edata                     1001b250     Fullscreen.exp
 0002:00007278       rgpv                       1001b278     Fullscreen.exp
 0002:0000727c       rgszName                   1001b27c     Fullscreen.exp
 0002:00007280       rgwOrd                     1001b280     Fullscreen.exp
 0002:00007282       szName                     1001b282     Fullscreen.exp
 0002:00007292       $N00001                    1001b292     Fullscreen.exp
 0002:00007438       .idata$6                   1001b438     kernel32:KERNEL32.dll
 0002:000074be       .idata$6                   1001b4be     user32:USER32.dll
 0003:00000010       ?__vcrt_flsindex@@3KA      1001c010     libvcruntime:per_thread_data.obj
 0003:00000040       ?errno_no_memory@@3HA      1001c040     libucrt:errno.obj
 0003:00000044       ?doserrno_no_memory@@3KA   1001c044     libucrt:errno.obj
 0003:000000f0       ?__acrt_flsindex@@3KA      1001c0f0     libucrt:per_thread_data.obj
 0003:000003e0       __mbctypes                 1001c3e0     libucrt:mbctype.obj
 0003:000004e8       __mbcasemaps               1001c4e8     libucrt:mbctype.obj
 0003:000005e8       ?__rgctypeflag@@3PADA      1001c5e8     libucrt:mbctype.obj
 0003:000005f0       ?__rgcode_page_info@@3PAUcode_page_info@@A 1001c5f0     libucrt:mbctype.obj
 0003:00000880       ?__dcrt_lowio_console_output_handle@@3PAXA 1001c880     libucrt:initcon.obj
 0003:000008a0       __module                   1001c8a0     Fullscreen.obj
 0003:000009c4       ?is_initialized_as_dll@@3_NA 1001c9c4     LIBCMT:utility.obj
 0003:000009c5       ?module_local_atexit_table_initialized@@3_NA 1001c9c5     LIBCMT:utility.obj
 0003:000009c8       ?module_local_atexit_table@@3U_onexit_table_t@@A 1001c9c8     LIBCMT:utility.obj
 0003:000009d4       ?module_local_at_quick_exit_table@@3U_onexit_table_t@@A 1001c9d4     LIBCMT:utility.obj
 0003:000009e0       ?__proc_attached@@3HA      1001c9e0     LIBCMT:dll_dllmain.obj
 0003:000009e8       _GS_ExceptionRecord        1001c9e8     LIBCMT:gs_report.obj
 0003:00000a38       _GS_ContextRecord          1001ca38     LIBCMT:gs_report.obj
 0003:00000d28       ?__vcrt_startup_thread_ptd@@3U__vcrt_ptd@@A 1001cd28     libvcruntime:per_thread_data.obj
 0003:00000d50       ___vcrt_lock_table         1001cd50     libvcruntime:locks.obj
 0003:00000d68       ___vcrt_locks_initialized  1001cd68     libvcruntime:locks.obj
 0003:00000d6c       ?module_handles@@3PAPAUHINSTANCE__@@A 1001cd6c     libvcruntime:winapi_downlevel.obj
 0003:00000d78       ?encoded_function_pointers@@3PAPAXA 1001cd78     libvcruntime:winapi_downlevel.obj
 0003:00000db8       ?heap@@3V_HeapManager@@A   1001cdb8     libvcruntime:undname.obj
 0003:00000dd0       ?__acrt_new_handler@@3V?$dual_state_global@P6AHI@Z@__crt_state_management@@A 1001cdd0     libucrt:new_handler.obj
 0003:00000dd4       ?c_termination_complete@@3JA 1001cdd4     libucrt:exit.obj
 0003:00000dd8       ?thread_local_exit_callback_func@@3P6GXPAXK0@ZA 1001cdd8     libucrt:exit.obj
 0003:00000de0       ?program_name@?1???$common_configure_argv@D@@YAHW4_crt_argv_mode@@@Z@4PADA 1001cde0     libucrt:argv_parsing.obj
 0003:00000f10       ?__acrt_invalid_parameter_handler@@3V?$dual_state_global@P6AXPB_W00II@Z@__crt_state_management@@A 1001cf10     libucrt:invalid_parameter.obj
 0003:00000f14       ?__acrt_app_type@@3W4_crt_app_type@@A 1001cf14     libucrt:report_runtime_error.obj
 0003:00000f18       ___acrt_error_mode         1001cf18     libucrt:set_error_mode.obj
 0003:00000f28       ?ctrlc_action@@3V?$dual_state_global@P6AXH@Z@__crt_state_management@@A 1001cf28     libucrt:signal.obj
 0003:00000f2c       ?ctrlbreak_action@@3V?$dual_state_global@P6AXH@Z@__crt_state_management@@A 1001cf2c     libucrt:signal.obj
 0003:00000f30       ?abort_action@@3V?$dual_state_global@P6AXH@Z@__crt_state_management@@A 1001cf30     libucrt:signal.obj
 0003:00000f34       ?term_action@@3V?$dual_state_global@P6AXH@Z@__crt_state_management@@A 1001cf34     libucrt:signal.obj
 0003:00000f40       ?__acrt_lock_table@@3PAU_RTL_CRITICAL_SECTION@@A 1001cf40     libucrt:locks.obj
 0003:00001090       ?__acrt_locks_initialized@@3IA 1001d090     libucrt:locks.obj
 0003:00001094       ?state_cache@?1???$get_cached_win_policy@Udeveloper_information_policy_properties@?1??__acrt_get_developer_information_policy@@YA?AW4developer_information_policy@@XZ@@@YA?AW4developer_information_policy@@W4AppPolicyShowDeveloperDiagnostic@@@Z@4JA 1001d094     libucrt:win_policies.obj
 0003:00001098       ?state_cache@?1???$get_cached_win_policy@Uwindowing_model_policy_properties@?1??__acrt_get_windowing_model_policy@@YA?AW4windowing_model_policy@@XZ@@@YA?AW4windowing_model_policy@@W4AppPolicyWindowingModel@@@Z@4JA 1001d098     libucrt:win_policies.obj
 0003:000010a8       ?fSystemSet@@3HA           1001d0a8     libucrt:mbctype.obj
 0003:000010ac       ?initialized@?1??__acrt_initialize_multibyte@@9@4_NA 1001d0ac     libucrt:mbctype.obj
 0003:000012d0       ?module_handles@@3PAPAUHINSTANCE__@@A 1001d2d0     libucrt:winapi_thunks.obj
 0003:00001320       ?encoded_function_pointers@@3PAPAXA 1001d320     libucrt:winapi_thunks.obj
 0003:000013ac       ?user_matherr@@3V?$dual_state_global@P6AHPAU_exception@@@Z@__crt_state_management@@A 1001d3ac     libucrt:matherr.obj
 0003:000013b8       ?internal_state@?1??_mbtowc_l@@9@4U_Mbstatet@@A 1001d3b8     libucrt:mbtowc.obj
 0003:000013c0       ?enable_percent_n@@3IA     1001d3c0     libucrt:printf_count_output.obj
 0003:000013cc       ?__acrt_global_new_mode@@3V?$dual_state_global@J@__crt_state_management@@A 1001d3cc     libucrt:new_mode.obj
 0003:000013d0       ?internal_pst@?1??__mbrtoc32_utf8@__crt_mbstring@@YAIPA_UPBDIPAU_Mbstatet@@@Z@4U3@A 1001d3d0     libucrt:mbrtoc32.obj
 0003:000013dc       __pmatherr_set             1001d3dc     libucrt:libm_error.obj
 0004:00000060       $R000000                   1001e060     * linker generated manifest res *

 Exports

  ordinal    name

        1    __register_Fullscreen_
               exported name: _register_Fullscreen_
